Last login: Sat Aug 22 21:08:48 on ttys001
Ashleys-MacBook-Pro:~ electrikoala$ man mount
Ashleys-MacBook-Pro:~ electrikoala$ sudo mount /dev/cdrom /media/cdrom
Password:
mount: You must specify a filesystem type with -t.
Ashleys-MacBook-Pro:~ electrikoala$ sudo mount //dev/cdrom /media/cdrom
mount: You must specify a filesystem type with -t.
Ashleys-MacBook-Pro:~ electrikoala$ ssh sandbox.dev
Welcome to Ubuntu 14.04.3 LTS (GNU/Linux 3.19.0-25-generic x86_64)

 * Documentation:  https://help.ubuntu.com/
Last login: Sat Aug 22 21:11:34 2015 from 10.0.2.2
ashleymk@sandbox:~$ man mount
ashleymk@sandbox:~$ sudo mount /dev/cdrom /media/cdrom
[sudo] password for ashleymk: 
mount: block device /dev/sr0 is write-protected, mounting read-only
ashleymk@sandbox:~$ sudo sh /media/cdrom/VboxLinkAdditions.run
sh: 0: Can't open /media/cdrom/VboxLinkAdditions.run
ashleymk@sandbox:~$ sudo sh /edia/cdrom/VBoxLinuxAdditions.run
sh: 0: Can't open /edia/cdrom/VBoxLinuxAdditions.run
ashleymk@sandbox:~$ sudo sh /media/cdrom/VBoxLinuxAdditions.run
Verifying archive integrity... All good.
Uncompressing VirtualBox 5.0.0 Guest Additions for Linux............
VirtualBox Guest Additions installer
Removing installed version 5.0.0 of VirtualBox Guest Additions...
Stopping VirtualBox Additions ...fail!
(Cannot unload module vboxguest)
Removing existing VirtualBox DKMS kernel modules ...done.
Removing existing VirtualBox non-DKMS kernel modules ...done.
Stopping VirtualBox Guest Addition service  ...done.
Copying additional installer modules ...
Installing additional modules ...
Removing existing VirtualBox DKMS kernel modules ...done.
Removing existing VirtualBox non-DKMS kernel modules ...done.
Building the VirtualBox Guest Additions kernel modules ...done.
Doing non-kernel setup of the Guest Additions ...done.
You should restart your guest to make sure the new modules are actually used

Installing the Window System drivers
Could not find the X.Org or XFree86 Window System, skipping.
ashleymk@sandbox:~$ sudo reboot

Broadcast message from ashleymk@sandbox
	(/dev/pts/0) at 21:18 ...

The system is going down for reboot NOW!
ashleymk@sandbox:~$ Connection to sandbox.dev closed by remote host.
Connection to sandbox.dev closed.
Ashleys-MacBook-Pro:~ electrikoala$ ssh sandbox.dev
Welcome to Ubuntu 14.04.3 LTS (GNU/Linux 3.19.0-25-generic x86_64)

 * Documentation:  https://help.ubuntu.com/
Last login: Sat Aug 22 21:15:26 2015 from 10.0.2.2
ashleymk@sandbox:~$ lsmod
Module                  Size  Used by
vboxsf                 45056  1 
ppdev                  20480  0 
crct10dif_pclmul       16384  0 
crc32_pclmul           16384  0 
ghash_clmulni_intel    16384  0 
aesni_intel           172032  0 
aes_x86_64             20480  1 aesni_intel
lrw                    16384  1 aesni_intel
gf128mul               16384  1 lrw
glue_helper            16384  1 aesni_intel
ablk_helper            16384  1 aesni_intel
cryptd                 20480  3 ghash_clmulni_intel,aesni_intel,ablk_helper
vboxguest             278528  2 vboxsf
serio_raw              16384  0 
parport_pc             32768  0 
video                  20480  0 
lp                     20480  0 
parport                45056  3 lp,ppdev,parport_pc
psmouse               114688  0 
e1000                 135168  0 
ahci                   36864  2 
libahci                32768  1 ahci
ashleymk@sandbox:~$ ls -la /media
total 12
drwxr-xr-x  4 root root   4096 Aug 22 20:47 .
drwxr-xr-x 22 root root   4096 Aug 22 19:53 ..
drwxr-xr-x  2 root root   4096 Aug 22 19:52 cdrom
drwxrwx---  1 root vboxsf   68 Aug 22 19:06 sf_sandbox
ashleymk@sandbox:~$ cd /media/sf_sandbox
ashleymk@sandbox:/media/sf_sandbox$ cd /etc
ashleymk@sandbox:/etc$ ls
acpi                    gshadow          mime.types     rmt
adduser.conf            gshadow-         mke2fs.conf    rpc
alternatives            host.conf        modprobe.d     rsyslog.conf
apache2                 hostname         modules        rsyslog.d
apparmor                hosts            mtab           securetty
apparmor.d              hosts.allow      mysql          security
apt                     hosts.deny       nanorc         selinux
bash.bashrc             init             network        services
bash_completion.d       init.d           networks       sgml
bindresvport.blacklist  initramfs-tools  newt           shadow
blkid.conf              inputrc          nsswitch.conf  shadow-
blkid.tab               insserv          opt            shells
ca-certificates         insserv.conf     os-release     skel
ca-certificates.conf    insserv.conf.d   pam.conf       ssh
calendar                iproute2         pam.d          ssl
console-setup           iscsi            passwd         subgid
cron.d                  issue            passwd-        subgid-
cron.daily              issue.net        perl           subuid
cron.hourly             kbd              php5           subuid-
cron.monthly            kernel           pm             sudoers
crontab                 kernel-img.conf  ppp            sudoers.d
cron.weekly             ldap             profile        sysctl.conf
dbus-1                  ld.so.cache      profile.d      sysctl.d
debconf.conf            ld.so.conf       protocols      systemd
debian_version          ld.so.conf.d     python         terminfo
default                 legal            python2.7      timezone
deluser.conf            libaudit.conf    python3        ucf.conf
depmod.d                locale.alias     python3.4      udev
dhcp                    localtime        rc0.d          ufw
dkms                    logcheck         rc1.d          update-motd.d
dpkg                    login.defs       rc2.d          upstart-xsessions
environment             logrotate.conf   rc3.d          vim
fstab                   logrotate.d      rc4.d          vtrgb
fstab.d                 lsb-release      rc5.d          wgetrc
gai.conf                magic            rc6.d          X11
groff                   magic.mime       rc.local       xml
group                   mailcap          rcS.d
group-                  mailcap.order    resolvconf
grub.d                  manpath.config   resolv.conf
ashleymk@sandbox:/etc$ cd apache2
ashleymk@sandbox:/etc/apache2$ ls -la
total 88
drwxr-xr-x  8 root root  4096 Aug 22 19:55 .
drwxr-xr-x 80 root root  4096 Aug 22 21:18 ..
-rw-r--r--  1 root root  7115 Jan  7  2014 apache2.conf
drwxr-xr-x  2 root root  4096 Aug 22 19:55 conf-available
drwxr-xr-x  2 root root  4096 Aug 22 19:55 conf-enabled
-rw-r--r--  1 root root  1782 Jan  3  2014 envvars
-rw-r--r--  1 root root 31063 Jan  3  2014 magic
drwxr-xr-x  2 root root 12288 Aug 22 19:55 mods-available
drwxr-xr-x  2 root root  4096 Aug 22 21:03 mods-enabled
-rw-r--r--  1 root root   332 Aug 22 20:59 ports.conf
drwxr-xr-x  2 root root  4096 Aug 22 21:01 sites-available
drwxr-xr-x  2 root root  4096 Aug 22 21:02 sites-enabled
ashleymk@sandbox:/etc/apache2$ ls -la sites-available
total 28
drwxr-xr-x 2 root root 4096 Aug 22 21:01 .
drwxr-xr-x 8 root root 4096 Aug 22 19:55 ..
-rw-r--r-- 1 root root 1332 Jan  7  2014 000-default.conf
-rw-r--r-- 1 root root 6437 Jan  7  2014 default-ssl.conf
-rw-r--r-- 1 root root  209 Aug 22 21:01 vboxsf.conf
-rw-r--r-- 1 root root  209 Aug 22 20:58 vboxsf.xonf
ashleymk@sandbox:/etc/apache2$ ls -la sites-enabled
total 8
drwxr-xr-x 2 root root 4096 Aug 22 21:02 .
drwxr-xr-x 8 root root 4096 Aug 22 19:55 ..
lrwxrwxrwx 1 root root   30 Aug 22 21:01 vboxsf.conf -> ../sites-available/vboxsf.conf
ashleymk@sandbox:/etc/apache2$ sudoedit sites-available/vboxsf.conf
[sudo] password for ashleymk: 
ashleymk@sandbox:/etc/apache2$ sudoedit port.conf
sudoedit: port.conf unchanged
ashleymk@sandbox:/etc/apache2$ sudoedit ports.conf
sudoedit: ports.conf unchanged
ashleymk@sandbox:/etc/apache2$ sudo a2ensite vboxsf
Site vboxsf already enabled
ashleymk@sandbox:/etc/apache2$ sudo a2dissite 000-default
Site 000-default already disabled
ashleymk@sandbox:/etc/apache2$ sudo a2enmod rewrite
Module rewrite already enabled
ashleymk@sandbox:/etc/apache2$ sudo a2enmod vhost_alias
Module vhost_alias already enabled
ashleymk@sandbox:/etc/apache2$ sudo service apache2 restart
 * Restarting web server apache2                                         [ OK ] 
ashleymk@sandbox:/etc/apache2$ cd /etc/php5
ashleymk@sandbox:/etc/php5$ ls -la
total 20
drwxr-xr-x  5 root root 4096 Aug 22 19:55 .
drwxr-xr-x 80 root root 4096 Aug 22 21:18 ..
drwxr-xr-x  3 root root 4096 Aug 22 19:55 apache2
drwxr-xr-x  3 root root 4096 Aug 22 19:55 cli
drwxr-xr-x  2 root root 4096 Aug 22 19:55 mods-available
ashleymk@sandbox:/etc/php5$ ls -la mods-available
total 36
drwxr-xr-x 2 root root 4096 Aug 22 19:55 .
drwxr-xr-x 5 root root 4096 Aug 22 19:55 ..
-rw-r--r-- 1 root root   68 Feb 18  2014 json.ini
-rw-r--r-- 1 root root   71 Jul  2 11:56 mysqli.ini
-rw-r--r-- 1 root root   70 Jul  2 11:56 mysql.ini
-rw-r--r-- 1 root root   83 Jul  2 11:56 opcache.ini
-rw-r--r-- 1 root root   66 Jul  2 11:56 pdo.ini
-rw-r--r-- 1 root root   74 Jul  2 11:56 pdo_mysql.ini
-rw-r--r-- 1 root root   76 Jul  2 11:56 readline.ini
ashleymk@sandbox:/etc/php5$ ls -la apache2
total 84
drwxr-xr-x 3 root root  4096 Aug 22 19:55 .
drwxr-xr-x 5 root root  4096 Aug 22 19:55 ..
drwxr-xr-x 2 root root  4096 Aug 22 19:55 conf.d
-rw-r--r-- 1 root root 69891 Jul  2 11:56 php.ini
ashleymk@sandbox:/etc/php5$ ls -la apache2/conf.d
total 8
drwxr-xr-x 2 root root 4096 Aug 22 19:55 .
drwxr-xr-x 3 root root 4096 Aug 22 19:55 ..
lrwxrwxrwx 1 root root   32 Aug 22 19:55 05-opcache.ini -> ../../mods-available/opcache.ini
lrwxrwxrwx 1 root root   28 Aug 22 19:55 10-pdo.ini -> ../../mods-available/pdo.ini
lrwxrwxrwx 1 root root   29 Aug 22 19:55 20-json.ini -> ../../mods-available/json.ini
lrwxrwxrwx 1 root root   31 Aug 22 19:55 20-mysqli.ini -> ../../mods-available/mysqli.ini
lrwxrwxrwx 1 root root   30 Aug 22 19:55 20-mysql.ini -> ../../mods-available/mysql.ini
lrwxrwxrwx 1 root root   34 Aug 22 19:55 20-pdo_mysql.ini -> ../../mods-available/pdo_mysql.ini
lrwxrwxrwx 1 root root   33 Aug 22 19:55 20-readline.ini -> ../../mods-available/readline.ini
ashleymk@sandbox:/etc/php5$ sudoedit /etc/php5/mods-available/custom.ini
ashleymk@sandbox:/etc/php5$ sudo php5enmod custom
ashleymk@sandbox:/etc/php5$ php5query -M
pdo_mysql
readline
opcache
custom
mysqli
mysql
json
pdo
ashleymk@sandbox:/etc/php5$ sudo touch /var/log/php_errors.log
ashleymk@sandbox:/etc/php5$ sudo chown www-data: /var/log/php_errors.log
ashleymk@sandbox:/etc/php5$ sudo apt-get install php5-intl php5-sqlite php5-mcrtpy
Reading package lists... Done
Building dependency tree       
Reading state information... Done
E: Unable to locate package php5-mcrtpy
ashleymk@sandbox:/etc/php5$ sudo php5enmod mcypt
WARNING: Module mcypt ini file doesn't exist under /etc/php5/mods-available
WARNING: Module mcypt ini file doesn't exist under /etc/php5/mods-available
ashleymk@sandbox:/etc/php5$ apt-get install php5-intl php5-sqlite php5-mcrypt
E: Could not open lock file /var/lib/dpkg/lock - open (13: Permission denied)
E: Unable to lock the administration directory (/var/lib/dpkg/), are you root?
ashleymk@sandbox:/etc/php5$ sudo touch /var/log/php_errors.log
ashleymk@sandbox:/etc/php5$ sudo chown www-data: /var/log/php_errors.log
ashleymk@sandbox:/etc/php5$ sudo apt-get install php5-intl php5-sqlite php5-mcrypt
Reading package lists... Done
Building dependency tree       
Reading state information... Done
The following extra packages will be installed:
  libicu52 libmcrypt4
Suggested packages:
  libmcrypt-dev mcrypt
The following NEW packages will be installed:
  libicu52 libmcrypt4 php5-intl php5-mcrypt php5-sqlite
0 upgraded, 5 newly installed, 0 to remove and 4 not upgraded.
Need to get 6,962 kB of archives.
After this operation, 28.8 MB of additional disk space will be used.
Do you want to continue? [Y/n] y
Get:1 http://us.archive.ubuntu.com/ubuntu/ trusty-updates/main libicu52 amd64 52.1-3ubuntu0.3 [6,752 kB]
Get:2 http://us.archive.ubuntu.com/ubuntu/ trusty-updates/universe php5-intl amd64 5.5.9+dfsg-1ubuntu4.11 [109 kB]
Get:3 http://us.archive.ubuntu.com/ubuntu/ trusty-updates/main php5-sqlite amd64 5.5.9+dfsg-1ubuntu4.11 [24.3 kB]
Get:4 http://us.archive.ubuntu.com/ubuntu/ trusty/universe libmcrypt4 amd64 2.5.8-3.1ubuntu1 [61.9 kB]
Get:5 http://us.archive.ubuntu.com/ubuntu/ trusty/universe php5-mcrypt amd64 5.4.6-0ubuntu5 [15.4 kB]
Fetched 6,962 kB in 3s (1,928 kB/s)
Selecting previously unselected package libicu52:amd64.
(Reading database ... 76150 files and directories currently installed.)
Preparing to unpack .../libicu52_52.1-3ubuntu0.3_amd64.deb ...
Unpacking libicu52:amd64 (52.1-3ubuntu0.3) ...
Selecting previously unselected package php5-intl.
Preparing to unpack .../php5-intl_5.5.9+dfsg-1ubuntu4.11_amd64.deb ...
Unpacking php5-intl (5.5.9+dfsg-1ubuntu4.11) ...
Selecting previously unselected package php5-sqlite.
Preparing to unpack .../php5-sqlite_5.5.9+dfsg-1ubuntu4.11_amd64.deb ...
Unpacking php5-sqlite (5.5.9+dfsg-1ubuntu4.11) ...
Selecting previously unselected package libmcrypt4.
Preparing to unpack .../libmcrypt4_2.5.8-3.1ubuntu1_amd64.deb ...
Unpacking libmcrypt4 (2.5.8-3.1ubuntu1) ...
Selecting previously unselected package php5-mcrypt.
Preparing to unpack .../php5-mcrypt_5.4.6-0ubuntu5_amd64.deb ...
Unpacking php5-mcrypt (5.4.6-0ubuntu5) ...
Processing triggers for libapache2-mod-php5 (5.5.9+dfsg-1ubuntu4.11) ...
Setting up libicu52:amd64 (52.1-3ubuntu0.3) ...
Setting up php5-intl (5.5.9+dfsg-1ubuntu4.11) ...

Creating config file /etc/php5/mods-available/intl.ini with new version
php5_invoke: Enable module intl for cli SAPI
php5_invoke: Enable module intl for apache2 SAPI
Setting up php5-sqlite (5.5.9+dfsg-1ubuntu4.11) ...

Creating config file /etc/php5/mods-available/sqlite3.ini with new version
php5_invoke: Enable module sqlite3 for cli SAPI
php5_invoke: Enable module sqlite3 for apache2 SAPI

Creating config file /etc/php5/mods-available/pdo_sqlite.ini with new version
php5_invoke: Enable module pdo_sqlite for cli SAPI
php5_invoke: Enable module pdo_sqlite for apache2 SAPI
Setting up libmcrypt4 (2.5.8-3.1ubuntu1) ...
Setting up php5-mcrypt (5.4.6-0ubuntu5) ...
Processing triggers for libc-bin (2.19-0ubuntu6.6) ...
Processing triggers for libapache2-mod-php5 (5.5.9+dfsg-1ubuntu4.11) ...
ashleymk@sandbox:/etc/php5$ sudo php5enmod mcrypt
ashleymk@sandbox:/etc/php5$ sudo service apache2 restart
 * Restarting web server apache2                                              [ OK ] 
ashleymk@sandbox:/etc/php5$ tail /var/log/php_errors.log
[22-Aug-2015 21:46:19 America/New_York] PHP Notice:  Undefined variable: array in /media/sf_sandbox/errors.php on line 3
[22-Aug-2015 21:46:19 America/New_York] PHP Warning:  fopen() expects at least 2 parameters, 0 given in /media/sf_sandbox/errors.php on line 5
[22-Aug-2015 21:46:19 America/New_York] PHP Fatal error:  Call to undefined function fail() in /media/sf_sandbox/errors.php on line 7
ashleymk@sandbox:/etc/php5$ sudoedit /etc/mysql/my.conf
sudoedit: /etc/mysql/my.conf unchanged
ashleymk@sandbox:/etc/php5$ sudoedit /etc/mysql/my.cnf
ashleymk@sandbox:/etc/php5$ sudo service myaql restart
myaql: unrecognized service
ashleymk@sandbox:/etc/php5$ sudo service mysql restart
mysql stop/waiting
mysql start/running, process 1938
ashleymk@sandbox:/etc/php5$ mysql -uroot -proot
Welcome to the MySQL monitor.  Commands end with ; or \g.
Your MySQL connection id is 36
Server version: 5.5.44-0ubuntu0.14.04.1-log (Ubuntu)

Copyright (c) 2000, 2015, Oracle and/or its affiliates. All rights reserved.

Oracle is a registered trademark of Oracle Corporation and/or its
affiliates. Other names may be trademarks of their respective
owners.

Type 'help;' or '\h' for help. Type '\c' to clear the current input statement.

mysql> UPDATE mysql.user SET host='%' WHERE user='root' AND host='sandbox'; 
Query OK, 1 row affected (0.00 sec)
Rows matched: 1  Changed: 1  Warnings: 0

mysql> FLUSH PRIVILEGES;
Query OK, 0 rows affected (0.00 sec)

mysql> exit
Bye
ashleymk@sandbox:/etc/php5$ sudo apt-get -y install exim4
Reading package lists... Done
Building dependency tree       
Reading state information... Done
The following extra packages will be installed:
  exim4-base exim4-config exim4-daemon-light heirloom-mailx
Suggested packages:
  mail-reader eximon4 exim4-doc-html exim4-doc-info spf-tools-perl swaks
Recommended packages:
  mailx
The following NEW packages will be installed:
  exim4 exim4-base exim4-config exim4-daemon-light heirloom-mailx
0 upgraded, 5 newly installed, 0 to remove and 4 not upgraded.
Need to get 1,814 kB of archives.
After this operation, 4,297 kB of additional disk space will be used.
Get:1 http://us.archive.ubuntu.com/ubuntu/ trusty/main exim4-config all 4.82-3ubuntu2 [298 kB]
Get:2 http://us.archive.ubuntu.com/ubuntu/ trusty/main exim4-base amd64 4.82-3ubuntu2 [854 kB]
Get:3 http://us.archive.ubuntu.com/ubuntu/ trusty/main exim4-daemon-light amd64 4.82-3ubuntu2 [436 kB]
Get:4 http://us.archive.ubuntu.com/ubuntu/ trusty/main exim4 all 4.82-3ubuntu2 [7,876 B]
Get:5 http://us.archive.ubuntu.com/ubuntu/ trusty-updates/universe heirloom-mailx amd64 12.5-2+deb7u1build0.14.04.1 [219 kB]
Fetched 1,814 kB in 1s (1,561 kB/s)     
Preconfiguring packages ...
Selecting previously unselected package exim4-config.
(Reading database ... 76197 files and directories currently installed.)
Preparing to unpack .../exim4-config_4.82-3ubuntu2_all.deb ...
Unpacking exim4-config (4.82-3ubuntu2) ...
Selecting previously unselected package exim4-base.
Preparing to unpack .../exim4-base_4.82-3ubuntu2_amd64.deb ...
Unpacking exim4-base (4.82-3ubuntu2) ...
Selecting previously unselected package exim4-daemon-light.
Preparing to unpack .../exim4-daemon-light_4.82-3ubuntu2_amd64.deb ...
Unpacking exim4-daemon-light (4.82-3ubuntu2) ...
Selecting previously unselected package exim4.
Preparing to unpack .../exim4_4.82-3ubuntu2_all.deb ...
Unpacking exim4 (4.82-3ubuntu2) ...
Selecting previously unselected package heirloom-mailx.
Preparing to unpack .../heirloom-mailx_12.5-2+deb7u1build0.14.04.1_amd64.deb ...
Unpacking heirloom-mailx (12.5-2+deb7u1build0.14.04.1) ...
Processing triggers for man-db (2.6.7.1-1ubuntu1) ...
Processing triggers for ureadahead (0.100.0-16) ...
ureadahead will be reprofiled on next reboot
Setting up exim4-config (4.82-3ubuntu2) ...
Adding system-user for exim (v4)
Setting up exim4-base (4.82-3ubuntu2) ...
exim: DB upgrade, deleting hints-db
Setting up heirloom-mailx (12.5-2+deb7u1build0.14.04.1) ...
update-alternatives: using /usr/bin/heirloom-mailx to provide /usr/bin/mailx (mailx) in auto mode
Processing triggers for ureadahead (0.100.0-16) ...
Setting up exim4-daemon-light (4.82-3ubuntu2) ...
 * Starting MTA                                                               [ OK ] 
Setting up exim4 (4.82-3ubuntu2) ...
ashleymk@sandbox:/etc/php5$ sudo dpkg-reconfigure exim4-config
 * Stopping MTA for restart                                                   [ OK ] 
 * Restarting MTA                                                             [ OK ] 
ashleymk@sandbox:/etc/php5$ sudo dpkg-reconfigure exim4-config



                    

^[[A^[[A^[[A^[[A^[[A * Stopping MTA for restart                                                          

                                                                              [ OK ]
 * Restarting MTA                                                             [ OK ] 
ashleymk@sandbox:/etc/php5$ 
ashleymk@sandbox:/etc/php5$ 
ashleymk@sandbox:/etc/php5$ 
ashleymk@sandbox:/etc/php5$ 
ashleymk@sandbox:/etc/php5$ 
ashleymk@sandbox:/etc/php5$ sudo apt-get -y install exim4
Reading package lists... Done
Building dependency tree       
Reading state information... Done
exim4 is already the newest version.
0 upgraded, 0 newly installed, 0 to remove and 4 not upgraded.
ashleymk@sandbox:/etc/php5$ 
ashleymk@sandbox:/etc/php5$ 
ashleymk@sandbox:/etc/php5$ sudoedit /etc/exim4/passwd/client
sudoedit: /etc/exim4/passwd/client unchanged
ashleymk@sandbox:/etc/php5$ sudoedit /etc/exim4/passwd.client
ashleymk@sandbox:/etc/php5$ mail USERNAME@gmail.com
Subject: Test
Hello, world!
EOT
ashleymk@sandbox:/etc/php5$ sudo apt-get - install phpmyadmin
Reading package lists... Done
Building dependency tree       
Reading state information... Done
The following extra packages will be installed:
  dbconfig-common fontconfig-config fonts-dejavu-core javascript-common
  libfontconfig1 libgd3 libjbig0 libjpeg-turbo8 libjpeg8 libjs-codemirror
  libjs-jquery libjs-jquery-cookie libjs-jquery-event-drag
  libjs-jquery-metadata libjs-jquery-mousewheel libjs-jquery-tablesorter
  libjs-jquery-ui libjs-underscore libtiff5 libvpx1 libxpm4 php-gettext
  php5-gd
Suggested packages:
  libgd-tools libjs-jquery-ui-docs www-browser
The following NEW packages will be installed:
  dbconfig-common fontconfig-config fonts-dejavu-core javascript-common
  libfontconfig1 libgd3 libjbig0 libjpeg-turbo8 libjpeg8 libjs-codemirror
  libjs-jquery libjs-jquery-cookie libjs-jquery-event-drag
  libjs-jquery-metadata libjs-jquery-mousewheel libjs-jquery-tablesorter
  libjs-jquery-ui libjs-underscore libtiff5 libvpx1 libxpm4 php-gettext
  php5-gd phpmyadmin
0 upgraded, 24 newly installed, 0 to remove and 4 not upgraded.
Need to get 7,842 kB of archives.
After this operation, 35.8 MB of additional disk space will be used.
Do you want to continue? [Y/n] y
Get:1 http://us.archive.ubuntu.com/ubuntu/ trusty/main fonts-dejavu-core all 2.34-1ubuntu1 [1,024 kB]
Get:2 http://us.archive.ubuntu.com/ubuntu/ trusty-updates/main fontconfig-config all 2.11.0-0ubuntu4.1 [47.4 kB]
Get:3 http://us.archive.ubuntu.com/ubuntu/ trusty-updates/main libfontconfig1 amd64 2.11.0-0ubuntu4.1 [123 kB]
Get:4 http://us.archive.ubuntu.com/ubuntu/ trusty/main libjpeg-turbo8 amd64 1.3.0-0ubuntu2 [104 kB]
Get:5 http://us.archive.ubuntu.com/ubuntu/ trusty/main libjpeg8 amd64 8c-2ubuntu8 [2,194 B]
Get:6 http://us.archive.ubuntu.com/ubuntu/ trusty-updates/main libjbig0 amd64 2.0-2ubuntu4.1 [26.1 kB]
Get:7 http://us.archive.ubuntu.com/ubuntu/ trusty-updates/main libtiff5 amd64 4.0.3-7ubuntu0.3 [143 kB]
Get:8 http://us.archive.ubuntu.com/ubuntu/ trusty/main libvpx1 amd64 1.3.0-2 [556 kB]
Get:9 http://us.archive.ubuntu.com/ubuntu/ trusty/main libxpm4 amd64 1:3.5.10-1 [38.3 kB]
Get:10 http://us.archive.ubuntu.com/ubuntu/ trusty/main libgd3 amd64 2.1.0-3 [147 kB]
Get:11 http://us.archive.ubuntu.com/ubuntu/ trusty-updates/main php5-gd amd64 5.5.9+dfsg-1ubuntu4.11 [28.1 kB]
Get:12 http://us.archive.ubuntu.com/ubuntu/ trusty/main dbconfig-common all 1.8.47+nmu1 [468 kB]
Get:13 http://us.archive.ubuntu.com/ubuntu/ trusty/main javascript-common all 11 [6,066 B]
Get:14 http://us.archive.ubuntu.com/ubuntu/ trusty/main libjs-jquery all 1.7.2+dfsg-2ubuntu1 [78.8 kB]
Get:15 http://us.archive.ubuntu.com/ubuntu/ trusty/universe libjs-jquery-cookie all 8-2 [6,502 B]
Get:16 http://us.archive.ubuntu.com/ubuntu/ trusty/universe libjs-jquery-event-drag all 8-2 [11.2 kB]
Get:17 http://us.archive.ubuntu.com/ubuntu/ trusty/main libjs-jquery-metadata all 8-2 [6,856 B]
Get:18 http://us.archive.ubuntu.com/ubuntu/ trusty/universe libjs-jquery-mousewheel all 8-2 [7,076 B]
Get:19 http://us.archive.ubuntu.com/ubuntu/ trusty/main libjs-jquery-tablesorter all 8-2 [64.0 kB]
Get:20 http://us.archive.ubuntu.com/ubuntu/ trusty/universe libjs-jquery-ui all 1.10.1+dfsg-1 [458 kB]
Get:21 http://us.archive.ubuntu.com/ubuntu/ trusty/main libjs-underscore all 1.4.4-2ubuntu1 [45.6 kB]
Get:22 http://us.archive.ubuntu.com/ubuntu/ trusty/universe php-gettext all 1.0.11-1 [17.2 kB]
Get:23 http://us.archive.ubuntu.com/ubuntu/ trusty/universe libjs-codemirror all 2.23-1 [210 kB]
Get:24 http://us.archive.ubuntu.com/ubuntu/ trusty/universe phpmyadmin all 4:4.0.10-1 [4,224 kB]
Fetched 7,842 kB in 3s (2,461 kB/s)      
Preconfiguring packages ...
Selecting previously unselected package fonts-dejavu-core.
(Reading database ... 76396 files and directories currently installed.)
Preparing to unpack .../fonts-dejavu-core_2.34-1ubuntu1_all.deb ...
Unpacking fonts-dejavu-core (2.34-1ubuntu1) ...
Selecting previously unselected package fontconfig-config.
Preparing to unpack .../fontconfig-config_2.11.0-0ubuntu4.1_all.deb ...
Unpacking fontconfig-config (2.11.0-0ubuntu4.1) ...
Selecting previously unselected package libfontconfig1:amd64.
Preparing to unpack .../libfontconfig1_2.11.0-0ubuntu4.1_amd64.deb ...
Unpacking libfontconfig1:amd64 (2.11.0-0ubuntu4.1) ...
Selecting previously unselected package libjpeg-turbo8:amd64.
Preparing to unpack .../libjpeg-turbo8_1.3.0-0ubuntu2_amd64.deb ...
Unpacking libjpeg-turbo8:amd64 (1.3.0-0ubuntu2) ...
Selecting previously unselected package libjpeg8:amd64.
Preparing to unpack .../libjpeg8_8c-2ubuntu8_amd64.deb ...
Unpacking libjpeg8:amd64 (8c-2ubuntu8) ...
Selecting previously unselected package libjbig0:amd64.
Preparing to unpack .../libjbig0_2.0-2ubuntu4.1_amd64.deb ...
Unpacking libjbig0:amd64 (2.0-2ubuntu4.1) ...
Selecting previously unselected package libtiff5:amd64.
Preparing to unpack .../libtiff5_4.0.3-7ubuntu0.3_amd64.deb ...
Unpacking libtiff5:amd64 (4.0.3-7ubuntu0.3) ...
Selecting previously unselected package libvpx1:amd64.
Preparing to unpack .../libvpx1_1.3.0-2_amd64.deb ...
Unpacking libvpx1:amd64 (1.3.0-2) ...
Selecting previously unselected package libxpm4:amd64.
Preparing to unpack .../libxpm4_1%3a3.5.10-1_amd64.deb ...
Unpacking libxpm4:amd64 (1:3.5.10-1) ...
Selecting previously unselected package libgd3:amd64.
Preparing to unpack .../libgd3_2.1.0-3_amd64.deb ...
Unpacking libgd3:amd64 (2.1.0-3) ...
Selecting previously unselected package php5-gd.
Preparing to unpack .../php5-gd_5.5.9+dfsg-1ubuntu4.11_amd64.deb ...
Unpacking php5-gd (5.5.9+dfsg-1ubuntu4.11) ...
Selecting previously unselected package dbconfig-common.
Preparing to unpack .../dbconfig-common_1.8.47+nmu1_all.deb ...
Unpacking dbconfig-common (1.8.47+nmu1) ...
Selecting previously unselected package javascript-common.
Preparing to unpack .../javascript-common_11_all.deb ...
Unpacking javascript-common (11) ...
Selecting previously unselected package libjs-jquery.
Preparing to unpack .../libjs-jquery_1.7.2+dfsg-2ubuntu1_all.deb ...
Unpacking libjs-jquery (1.7.2+dfsg-2ubuntu1) ...
Selecting previously unselected package libjs-jquery-cookie.
Preparing to unpack .../libjs-jquery-cookie_8-2_all.deb ...
Unpacking libjs-jquery-cookie (8-2) ...
Selecting previously unselected package libjs-jquery-event-drag.
Preparing to unpack .../libjs-jquery-event-drag_8-2_all.deb ...
Unpacking libjs-jquery-event-drag (8-2) ...
Selecting previously unselected package libjs-jquery-metadata.
Preparing to unpack .../libjs-jquery-metadata_8-2_all.deb ...
Unpacking libjs-jquery-metadata (8-2) ...
Selecting previously unselected package libjs-jquery-mousewheel.
Preparing to unpack .../libjs-jquery-mousewheel_8-2_all.deb ...
Unpacking libjs-jquery-mousewheel (8-2) ...
Selecting previously unselected package libjs-jquery-tablesorter.
Preparing to unpack .../libjs-jquery-tablesorter_8-2_all.deb ...
Unpacking libjs-jquery-tablesorter (8-2) ...
Selecting previously unselected package libjs-jquery-ui.
Preparing to unpack .../libjs-jquery-ui_1.10.1+dfsg-1_all.deb ...
Unpacking libjs-jquery-ui (1.10.1+dfsg-1) ...
Selecting previously unselected package libjs-underscore.
Preparing to unpack .../libjs-underscore_1.4.4-2ubuntu1_all.deb ...
Unpacking libjs-underscore (1.4.4-2ubuntu1) ...
Selecting previously unselected package php-gettext.
Preparing to unpack .../php-gettext_1.0.11-1_all.deb ...
Unpacking php-gettext (1.0.11-1) ...
Selecting previously unselected package libjs-codemirror.
Preparing to unpack .../libjs-codemirror_2.23-1_all.deb ...
Unpacking libjs-codemirror (2.23-1) ...
Selecting previously unselected package phpmyadmin.
Preparing to unpack .../phpmyadmin_4%3a4.0.10-1_all.deb ...
Unpacking phpmyadmin (4:4.0.10-1) ...
Processing triggers for man-db (2.6.7.1-1ubuntu1) ...
Processing triggers for libapache2-mod-php5 (5.5.9+dfsg-1ubuntu4.11) ...
Setting up fonts-dejavu-core (2.34-1ubuntu1) ...
Setting up fontconfig-config (2.11.0-0ubuntu4.1) ...
Setting up libfontconfig1:amd64 (2.11.0-0ubuntu4.1) ...
Setting up libjpeg-turbo8:amd64 (1.3.0-0ubuntu2) ...
Setting up libjpeg8:amd64 (8c-2ubuntu8) ...
Setting up libjbig0:amd64 (2.0-2ubuntu4.1) ...
Setting up libtiff5:amd64 (4.0.3-7ubuntu0.3) ...
Setting up libvpx1:amd64 (1.3.0-2) ...
Setting up libxpm4:amd64 (1:3.5.10-1) ...
Setting up libgd3:amd64 (2.1.0-3) ...
Setting up php5-gd (5.5.9+dfsg-1ubuntu4.11) ...

Creating config file /etc/php5/mods-available/gd.ini with new version
php5_invoke: Enable module gd for cli SAPI
php5_invoke: Enable module gd for apache2 SAPI
Setting up dbconfig-common (1.8.47+nmu1) ...

Creating config file /etc/dbconfig-common/config with new version
Setting up javascript-common (11) ...
apache2_invoke: Enable configuration javascript-common
 * Reloading web server apache2                                                       * 
Setting up libjs-jquery (1.7.2+dfsg-2ubuntu1) ...
Setting up libjs-jquery-cookie (8-2) ...
Setting up libjs-jquery-event-drag (8-2) ...
Setting up libjs-jquery-metadata (8-2) ...
Setting up libjs-jquery-mousewheel (8-2) ...
Setting up libjs-jquery-tablesorter (8-2) ...
Setting up libjs-jquery-ui (1.10.1+dfsg-1) ...
Setting up libjs-underscore (1.4.4-2ubuntu1) ...
Setting up php-gettext (1.0.11-1) ...
Setting up libjs-codemirror (2.23-1) ...
Setting up phpmyadmin (4:4.0.10-1) ...
dbconfig-common: writing config to /etc/dbconfig-common/phpmyadmin.conf

Creating config file /etc/dbconfig-common/phpmyadmin.conf with new version

Creating config file /etc/phpmyadmin/config-db.php with new version
granting access to database phpmyadmin for phpmyadmin@localhost: success.
verifying access for phpmyadmin@localhost: success.
creating database phpmyadmin: success.
verifying database phpmyadmin exists: success.
populating database via sql...  done.
dbconfig-common: flushing administrative password
apache2_invoke: Enable configuration phpmyadmin
 * Reloading web server apache2                                                       * 
 * Reloading web server apache2                                                       * 
Processing triggers for libc-bin (2.19-0ubuntu6.6) ...
Processing triggers for libapache2-mod-php5 (5.5.9+dfsg-1ubuntu4.11) ...
ashleymk@sandbox:/etc/php5$ sudoedit /etc/phpmyadmin/config.inc.php
ashleymk@sandbox:/etc/php5$ sudoedit /etc/phpmyadmin/config.inc.php
ashleymk@sandbox:/etc/php5$ cd /media/sf_sandbox
ashleymk@sandbox:/media/sf_sandbox$ /media/sf_sandbox$ nano.index.php
-bash: /media/sf_sandbox$: No such file or directory
ashleymk@sandbox:/media/sf_sandbox$ /media/sf_sandbox$ nano index.php
-bash: /media/sf_sandbox$: No such file or directory
ashleymk@sandbox:/media/sf_sandbox$ nano index.php
ashleymk@sandbox:/media/sf_sandbox$ wget http://repo.ajenti.org/debian/key -0- | sudoapt-key add -
-bash: sudoapt-key: command not found
wget: invalid option -- '0'
wget: invalid option -- '-'
Usage: wget [OPTION]... [URL]...

Try `wget --help' for more options.
ashleymk@sandbox:/media/sf_sandbox$ logout
Connection to sandbox.dev closed.
Ashleys-MacBook-Pro:~ electrikoala$ 
  [Restored]
Last login: Sat Aug 22 21:13:13 on ttys001
Ashleys-MacBook-Pro:~ electrikoala$ man crontab
Ashleys-MacBook-Pro:~ electrikoala$ sudo apt-get install gnome-schedule
Password:
sudo: apt-get: command not found
Ashleys-MacBook-Pro:~ electrikoala$ ssh sandbox.dev
ssh: connect to host sandbox.dev port 2222: Connection refused
Ashleys-MacBook-Pro:~ electrikoala$ ssh sandbox.dev
ssh_exchange_identification: Connection closed by remote host
Ashleys-MacBook-Pro:~ electrikoala$ ssh sandbox.dev
man crontab

                

ssh_exchange_identification: Connection closed by remote host
Ashleys-MacBook-Pro:~ electrikoala$ man crontab
Ashleys-MacBook-Pro:~ electrikoala$ ssh sandbox.dev
ssh_exchange_identification: Connection closed by remote host
Ashleys-MacBook-Pro:~ electrikoala$ ssh sandbox.dev
Welcome to Ubuntu 14.04.3 LTS (GNU/Linux 3.19.0-25-generic x86_64)

 * Documentation:  https://help.ubuntu.com/
You have mail.
Last login: Thu Aug 27 20:01:20 2015
ashleymk@sandbox:~$ sudo apt-get install gnome-schedule
[sudo] password for ashleymk: 
Reading package lists... Done
Building dependency tree       
Reading state information... Done
The following extra packages will be installed:
  acl anacron at at-spi2-core colord dbus dbus-x11 dconf-gsettings-backend
  dconf-service desktop-file-utils dosfstools fontconfig fuse gconf-service
  gconf-service-backend gconf2 gconf2-common gdisk gvfs gvfs-common
  gvfs-daemons gvfs-libs hicolor-icon-theme libapparmor1 libart-2.0-2
  libasound2 libasound2-data libatasmart4 libatk-bridge2.0-0 libatk1.0-0
  libatk1.0-data libatspi2.0-0 libavahi-client3 libavahi-common-data
  libavahi-common3 libavahi-glib1 libbonobo2-0 libbonobo2-common
  libbonoboui2-0 libbonoboui2-common libcairo-gobject2 libcairo2 libcanberra0
  libcolord1 libcolorhug1 libcups2 libdatrie1 libdbus-glib-1-2 libdconf1
  libdrm-intel1 libdrm-nouveau2 libdrm-radeon1 libelf1 libexif12 libfontenc1
  libgail18 libgconf-2-4 libgdk-pixbuf2.0-0 libgdk-pixbuf2.0-common
  libgl1-mesa-dri libgl1-mesa-glx libglade2-0 libglapi-mesa libglib2.0-0
  libglib2.0-data libgnome-keyring-common libgnome-keyring0 libgnome2-0
  libgnome2-bin libgnome2-common libgnomecanvas2-0 libgnomecanvas2-common
  libgnomeui-0 libgnomeui-common libgnomevfs2-0 libgnomevfs2-common
  libgphoto2-6 libgphoto2-l10n libgphoto2-port10 libgraphite2-3 libgtk-3-0
  libgtk-3-bin libgtk-3-common libgtk2.0-0 libgtk2.0-bin libgtk2.0-common
  libgudev-1.0-0 libgusb2 libharfbuzz0b libice6 libidl-common libidl0
  libieee1284-3 libjasper1 liblcms2-2 libllvm3.4 libltdl7 libogg0 liborbit-2-0
  liborbit2 libpam-systemd libpango-1.0-0 libpangocairo-1.0-0
  libpangoft2-1.0-0 libparted0debian1 libpciaccess0 libpixman-1-0
  libpolkit-agent-1-0 libpolkit-backend-1-0 libpolkit-gobject-1-0 libpython2.7
  libsane libsane-common libsecret-1-0 libsecret-common libsm6
  libsystemd-daemon0 libsystemd-login0 libtdb1 libthai-data libthai0
  libtxc-dxtn-s2tc0 libudisks2-0 libv4l-0 libv4lconvert0 libvorbis0a
  libvorbisfile3 libwayland-client0 libwayland-cursor0 libx11-xcb1 libxaw7
  libxcb-dri2-0 libxcb-dri3-0 libxcb-glx0 libxcb-present0 libxcb-render0
  libxcb-shape0 libxcb-shm0 libxcb-sync1 libxcomposite1 libxcursor1
  libxdamage1 libxfixes3 libxft2 libxi6 libxinerama1 libxkbcommon0 libxmu6
  libxrandr2 libxrender1 libxshmfence1 libxt6 libxtst6 libxv1 libxxf86dga1
  libxxf86vm1 ntfs-3g parted policykit-1 policykit-1-gnome python-cairo
  python-gconf python-glade2 python-gnome2 python-gobject-2 python-gtk2
  python-pyorbit python-support shared-mime-info sound-theme-freedesktop
  systemd-services systemd-shim udisks2 x11-common x11-utils
Suggested packages:
  powermgmt-base gconf-defaults-service gvfs-backends gvfs-backends-goa
  libasound2-plugins alsa-utils libbonobo2-bin libcanberra-gtk0
  libcanberra-pulse cups-common libglide3 gnome-keyring desktop-base
  gnome-icon-theme libgnomevfs2-bin libgnomevfs2-extra gamin fam
  gnome-mime-data gphoto2 gtkam librsvg2-common libjasper-runtime
  liblcms2-utils ttf-baekmuk ttf-arphic-gbsn00lp ttf-arphic-bsmi00lp
  ttf-arphic-gkai00mp ttf-arphic-bkai00mp libparted0-dev libparted0-i18n
  avahi-daemon hplip hpoj libsane-extras sane-utils parted-doc
  python-gnome2-doc python-gtk2-doc python-gobject-2-dbg python-pyorbit-dbg
  cgmanager pm-utils xfsprogs reiserfsprogs exfat-utils btrfs-tools mdadm
  cryptsetup-bin mesa-utils
The following NEW packages will be installed:
  acl anacron at at-spi2-core colord dbus dbus-x11 dconf-gsettings-backend
  dconf-service desktop-file-utils dosfstools fontconfig fuse gconf-service
  gconf-service-backend gconf2 gconf2-common gdisk gnome-schedule gvfs
  gvfs-common gvfs-daemons gvfs-libs hicolor-icon-theme libapparmor1
  libart-2.0-2 libasound2 libasound2-data libatasmart4 libatk-bridge2.0-0
  libatk1.0-0 libatk1.0-data libatspi2.0-0 libavahi-client3
  libavahi-common-data libavahi-common3 libavahi-glib1 libbonobo2-0
  libbonobo2-common libbonoboui2-0 libbonoboui2-common libcairo-gobject2
  libcairo2 libcanberra0 libcolord1 libcolorhug1 libcups2 libdatrie1
  libdbus-glib-1-2 libdconf1 libdrm-intel1 libdrm-nouveau2 libdrm-radeon1
  libelf1 libexif12 libfontenc1 libgail18 libgconf-2-4 libgdk-pixbuf2.0-0
  libgdk-pixbuf2.0-common libgl1-mesa-dri libgl1-mesa-glx libglade2-0
  libglapi-mesa libglib2.0-0 libglib2.0-data libgnome-keyring-common
  libgnome-keyring0 libgnome2-0 libgnome2-bin libgnome2-common
  libgnomecanvas2-0 libgnomecanvas2-common libgnomeui-0 libgnomeui-common
  libgnomevfs2-0 libgnomevfs2-common libgphoto2-6 libgphoto2-l10n
  libgphoto2-port10 libgraphite2-3 libgtk-3-0 libgtk-3-bin libgtk-3-common
  libgtk2.0-0 libgtk2.0-bin libgtk2.0-common libgudev-1.0-0 libgusb2
  libharfbuzz0b libice6 libidl-common libidl0 libieee1284-3 libjasper1
  liblcms2-2 libllvm3.4 libltdl7 libogg0 liborbit-2-0 liborbit2 libpam-systemd
  libpango-1.0-0 libpangocairo-1.0-0 libpangoft2-1.0-0 libparted0debian1
  libpciaccess0 libpixman-1-0 libpolkit-agent-1-0 libpolkit-backend-1-0
  libpolkit-gobject-1-0 libpython2.7 libsane libsane-common libsecret-1-0
  libsecret-common libsm6 libsystemd-daemon0 libsystemd-login0 libtdb1
  libthai-data libthai0 libtxc-dxtn-s2tc0 libudisks2-0 libv4l-0 libv4lconvert0
  libvorbis0a libvorbisfile3 libwayland-client0 libwayland-cursor0 libx11-xcb1
  libxaw7 libxcb-dri2-0 libxcb-dri3-0 libxcb-glx0 libxcb-present0
  libxcb-render0 libxcb-shape0 libxcb-shm0 libxcb-sync1 libxcomposite1
  libxcursor1 libxdamage1 libxfixes3 libxft2 libxi6 libxinerama1 libxkbcommon0
  libxmu6 libxrandr2 libxrender1 libxshmfence1 libxt6 libxtst6 libxv1
  libxxf86dga1 libxxf86vm1 ntfs-3g parted policykit-1 policykit-1-gnome
  python-cairo python-gconf python-glade2 python-gnome2 python-gobject-2
  python-gtk2 python-pyorbit python-support shared-mime-info
  sound-theme-freedesktop systemd-services systemd-shim udisks2 x11-common
  x11-utils
0 upgraded, 176 newly installed, 0 to remove and 4 not upgraded.
Need to get 32.8 MB of archives.
After this operation, 160 MB of additional disk space will be used.
Do you want to continue? [Y/n] y
Get:1 http://us.archive.ubuntu.com/ubuntu/ trusty-updates/main libglib2.0-0 amd64 2.40.2-0ubuntu1 [1,058 kB]
Get:2 http://us.archive.ubuntu.com/ubuntu/ trusty/main libdbus-glib-1-2 amd64 0.100.2-1 [74.1 kB]
Get:3 http://us.archive.ubuntu.com/ubuntu/ trusty-updates/main libelf1 amd64 0.158-0ubuntu5.2 [38.0 kB]
Get:4 http://us.archive.ubuntu.com/ubuntu/ trusty-updates/main libsystemd-daemon0 amd64 204-5ubuntu20.13 [9,668 B]
Get:5 http://us.archive.ubuntu.com/ubuntu/ trusty-updates/main libapparmor1 amd64 2.8.95~2430-0ubuntu5.3 [25.5 kB]
Get:6 http://us.archive.ubuntu.com/ubuntu/ trusty-updates/main libsystemd-login0 amd64 204-5ubuntu20.13 [26.7 kB]
Get:7 http://us.archive.ubuntu.com/ubuntu/ trusty-updates/main dbus amd64 1.6.18-0ubuntu4.3 [231 kB]
Get:8 http://us.archive.ubuntu.com/ubuntu/ trusty/main systemd-shim amd64 6-2bzr1 [11.4 kB]
Get:9 http://us.archive.ubuntu.com/ubuntu/ trusty-updates/main systemd-services amd64 204-5ubuntu20.13 [197 kB]
Get:10 http://us.archive.ubuntu.com/ubuntu/ trusty-updates/main libpam-systemd amd64 204-5ubuntu20.13 [25.5 kB]
Get:11 http://us.archive.ubuntu.com/ubuntu/ trusty-updates/main libparted0debian1 amd64 2.3-19ubuntu1.14.04.1 [203 kB]
Get:12 http://us.archive.ubuntu.com/ubuntu/ trusty-updates/main libpolkit-gobject-1-0 amd64 0.105-4ubuntu2.14.04.1 [34.8 kB]
Get:13 http://us.archive.ubuntu.com/ubuntu/ trusty-updates/main fuse amd64 2.9.2-4ubuntu4.14.04.1 [25.1 kB]
Get:14 http://us.archive.ubuntu.com/ubuntu/ trusty/main ntfs-3g amd64 1:2013.1.13AR.1-2ubuntu2 [421 kB]
Get:15 http://us.archive.ubuntu.com/ubuntu/ trusty/main libart-2.0-2 amd64 2.3.21-2 [56.9 kB]
Get:16 http://us.archive.ubuntu.com/ubuntu/ trusty/main libasound2-data all 1.0.27.2-3ubuntu7 [26.3 kB]
Get:17 http://us.archive.ubuntu.com/ubuntu/ trusty/main libasound2 amd64 1.0.27.2-3ubuntu7 [327 kB]
Get:18 http://us.archive.ubuntu.com/ubuntu/ trusty/main libatasmart4 amd64 0.19-3 [27.1 kB]
Get:19 http://us.archive.ubuntu.com/ubuntu/ trusty/main libatk1.0-data all 2.10.0-2ubuntu2 [13.7 kB]
Get:20 http://us.archive.ubuntu.com/ubuntu/ trusty/main libatk1.0-0 amd64 2.10.0-2ubuntu2 [50.9 kB]
Get:21 http://us.archive.ubuntu.com/ubuntu/ trusty/main libatspi2.0-0 amd64 2.10.2.is.2.10.1-0ubuntu1 [53.1 kB]
Get:22 http://us.archive.ubuntu.com/ubuntu/ trusty/main libatk-bridge2.0-0 amd64 2.10.2-2ubuntu1 [46.8 kB]
Get:23 http://us.archive.ubuntu.com/ubuntu/ trusty/main libavahi-common-data amd64 0.6.31-4ubuntu1 [21.2 kB]
Get:24 http://us.archive.ubuntu.com/ubuntu/ trusty/main libavahi-common3 amd64 0.6.31-4ubuntu1 [21.7 kB]
Get:25 http://us.archive.ubuntu.com/ubuntu/ trusty/main libavahi-client3 amd64 0.6.31-4ubuntu1 [25.1 kB]
Get:26 http://us.archive.ubuntu.com/ubuntu/ trusty/main libavahi-glib1 amd64 0.6.31-4ubuntu1 [7,756 B]
Get:27 http://us.archive.ubuntu.com/ubuntu/ trusty/main libbonobo2-common all 2.32.1-0ubuntu5 [34.2 kB]
Get:28 http://us.archive.ubuntu.com/ubuntu/ trusty/main libidl-common all 0.8.14-0.2ubuntu4 [8,196 B]
Get:29 http://us.archive.ubuntu.com/ubuntu/ trusty/main libidl0 amd64 0.8.14-0.2ubuntu4 [65.9 kB]
Get:30 http://us.archive.ubuntu.com/ubuntu/ trusty/main liborbit-2-0 amd64 1:2.14.19-0.3 [138 kB]
Get:31 http://us.archive.ubuntu.com/ubuntu/ trusty/main liborbit2 amd64 1:2.14.19-0.3 [14.7 kB]
Get:32 http://us.archive.ubuntu.com/ubuntu/ trusty/main libbonobo2-0 amd64 2.32.1-0ubuntu5 [214 kB]
Get:33 http://us.archive.ubuntu.com/ubuntu/ trusty/main gconf2-common all 3.2.6-0ubuntu2 [20.2 kB]
Get:34 http://us.archive.ubuntu.com/ubuntu/ trusty/main libgconf-2-4 amd64 3.2.6-0ubuntu2 [80.8 kB]
Get:35 http://us.archive.ubuntu.com/ubuntu/ trusty/main gconf-service-backend amd64 3.2.6-0ubuntu2 [56.3 kB]
Get:36 http://us.archive.ubuntu.com/ubuntu/ trusty/main gconf-service amd64 3.2.6-0ubuntu2 [2,046 B]
Get:37 http://us.archive.ubuntu.com/ubuntu/ trusty-updates/main libjasper1 amd64 1.900.1-14ubuntu3.2 [130 kB]
Get:38 http://us.archive.ubuntu.com/ubuntu/ trusty/main libgdk-pixbuf2.0-common all 2.30.7-0ubuntu1 [8,610 B]
Get:39 http://us.archive.ubuntu.com/ubuntu/ trusty/main libgdk-pixbuf2.0-0 amd64 2.30.7-0ubuntu1 [160 kB]
Get:40 http://us.archive.ubuntu.com/ubuntu/ trusty-updates/main libgtk2.0-common all 2.24.23-0ubuntu1.2 [121 kB]
Get:41 http://us.archive.ubuntu.com/ubuntu/ trusty/main libpixman-1-0 amd64 0.30.2-2ubuntu1 [227 kB]
Get:42 http://us.archive.ubuntu.com/ubuntu/ trusty/main libxcb-render0 amd64 1.10-2ubuntu1 [11.0 kB]
Get:43 http://us.archive.ubuntu.com/ubuntu/ trusty/main libxcb-shm0 amd64 1.10-2ubuntu1 [5,432 B]
Get:44 http://us.archive.ubuntu.com/ubuntu/ trusty-updates/main libxrender1 amd64 1:0.9.8-1build0.14.04.1 [17.9 kB]
Get:45 http://us.archive.ubuntu.com/ubuntu/ trusty-updates/main libcairo2 amd64 1.13.0~20140204-0ubuntu1.1 [535 kB]
Get:46 http://us.archive.ubuntu.com/ubuntu/ trusty-updates/main libcups2 amd64 1.7.2-0ubuntu1.6 [178 kB]
Get:47 http://us.archive.ubuntu.com/ubuntu/ trusty/main libthai-data all 0.1.20-3 [130 kB]
Get:48 http://us.archive.ubuntu.com/ubuntu/ trusty/main libdatrie1 amd64 0.2.8-1 [16.7 kB]
Get:49 http://us.archive.ubuntu.com/ubuntu/ trusty/main libthai0 amd64 0.1.20-3 [16.9 kB]
Get:50 http://us.archive.ubuntu.com/ubuntu/ trusty-updates/main fontconfig amd64 2.11.0-0ubuntu4.1 [176 kB]
Get:51 http://us.archive.ubuntu.com/ubuntu/ trusty-updates/main libpango-1.0-0 amd64 1.36.3-1ubuntu1.1 [149 kB]
Get:52 http://us.archive.ubuntu.com/ubuntu/ trusty/main libgraphite2-3 amd64 1.2.4-1ubuntu1 [53.8 kB]
Get:53 http://us.archive.ubuntu.com/ubuntu/ trusty-updates/main libharfbuzz0b amd64 0.9.27-1ubuntu1 [127 kB]
Get:54 http://us.archive.ubuntu.com/ubuntu/ trusty-updates/main libpangoft2-1.0-0 amd64 1.36.3-1ubuntu1.1 [32.7 kB]
Get:55 http://us.archive.ubuntu.com/ubuntu/ trusty-updates/main libpangocairo-1.0-0 amd64 1.36.3-1ubuntu1.1 [20.0 kB]
Get:56 http://us.archive.ubuntu.com/ubuntu/ trusty/main libxcomposite1 amd64 1:0.4.4-1 [7,714 B]
Get:57 http://us.archive.ubuntu.com/ubuntu/ trusty-updates/main libxfixes3 amd64 1:5.0.1-1ubuntu1.1 [10.4 kB]
Get:58 http://us.archive.ubuntu.com/ubuntu/ trusty/main libxcursor1 amd64 1:1.1.14-1 [22.8 kB]
Get:59 http://us.archive.ubuntu.com/ubuntu/ trusty/main libxdamage1 amd64 1:1.1.4-1ubuntu1 [7,612 B]
Get:60 http://us.archive.ubuntu.com/ubuntu/ trusty-updates/main libxi6 amd64 2:1.7.1.901-1ubuntu1.1 [27.9 kB]
Get:61 http://us.archive.ubuntu.com/ubuntu/ trusty/main libxinerama1 amd64 2:1.1.3-1 [7,908 B]
Get:62 http://us.archive.ubuntu.com/ubuntu/ trusty/main libxrandr2 amd64 2:1.4.2-1 [16.6 kB]
Get:63 http://us.archive.ubuntu.com/ubuntu/ trusty/main shared-mime-info amd64 1.2-0ubuntu3 [415 kB]
Get:64 http://us.archive.ubuntu.com/ubuntu/ trusty-updates/main libgtk2.0-0 amd64 2.24.23-0ubuntu1.2 [1,739 kB]
Get:65 http://us.archive.ubuntu.com/ubuntu/ trusty/main libglade2-0 amd64 1:2.6.4-2 [44.6 kB]
Get:66 http://us.archive.ubuntu.com/ubuntu/ trusty/main libltdl7 amd64 2.4.2-1.7ubuntu1 [35.0 kB]
Get:67 http://us.archive.ubuntu.com/ubuntu/ trusty/main libtdb1 amd64 1.2.12-1 [37.8 kB]
Get:68 http://us.archive.ubuntu.com/ubuntu/ trusty/main libogg0 amd64 1.3.1-1ubuntu1 [17.0 kB]
Get:69 http://us.archive.ubuntu.com/ubuntu/ trusty/main libvorbis0a amd64 1.3.2-1.3ubuntu1 [87.2 kB]
Get:70 http://us.archive.ubuntu.com/ubuntu/ trusty/main libvorbisfile3 amd64 1.3.2-1.3ubuntu1 [15.8 kB]
Get:71 http://us.archive.ubuntu.com/ubuntu/ trusty/main sound-theme-freedesktop all 0.8-1 [385 kB]
Get:72 http://us.archive.ubuntu.com/ubuntu/ trusty/main libcanberra0 amd64 0.30-0ubuntu3 [36.5 kB]
Get:73 http://us.archive.ubuntu.com/ubuntu/ trusty-updates/main dbus-x11 amd64 1.6.18-0ubuntu4.3 [19.2 kB]
Get:74 http://us.archive.ubuntu.com/ubuntu/ trusty/main gconf2 amd64 3.2.6-0ubuntu2 [65.5 kB]
Get:75 http://us.archive.ubuntu.com/ubuntu/ trusty/main libgnomevfs2-common amd64 1:2.24.4-1ubuntu6 [22.8 kB]
Get:76 http://us.archive.ubuntu.com/ubuntu/ trusty/main libgnomevfs2-0 amd64 1:2.24.4-1ubuntu6 [210 kB]
Get:77 http://us.archive.ubuntu.com/ubuntu/ trusty/main libgnome2-common all 2.32.1-4ubuntu1 [33.3 kB]
Get:78 http://us.archive.ubuntu.com/ubuntu/ trusty/main libgnome2-bin amd64 2.32.1-4ubuntu1 [15.0 kB]
Get:79 http://us.archive.ubuntu.com/ubuntu/ trusty/main libgnome2-0 amd64 2.32.1-4ubuntu1 [43.2 kB]
Get:80 http://us.archive.ubuntu.com/ubuntu/ trusty-updates/main libgail18 amd64 2.24.23-0ubuntu1.2 [14.1 kB]
Get:81 http://us.archive.ubuntu.com/ubuntu/ trusty/main libgnomecanvas2-common all 2.30.3-2 [9,080 B]
Get:82 http://us.archive.ubuntu.com/ubuntu/ trusty/main libgnomecanvas2-0 amd64 2.30.3-2 [82.7 kB]
Get:83 http://us.archive.ubuntu.com/ubuntu/ trusty/main libbonoboui2-common all 2.24.5-0ubuntu3 [11.4 kB]
Get:84 http://us.archive.ubuntu.com/ubuntu/ trusty/main libbonoboui2-0 amd64 2.24.5-0ubuntu3 [151 kB]
Get:85 http://us.archive.ubuntu.com/ubuntu/ trusty-updates/main libcairo-gobject2 amd64 1.13.0~20140204-0ubuntu1.1 [17.2 kB]
Get:86 http://us.archive.ubuntu.com/ubuntu/ trusty/main liblcms2-2 amd64 2.5-0ubuntu4 [132 kB]
Get:87 http://us.archive.ubuntu.com/ubuntu/ trusty/main libcolord1 amd64 1.0.6-1 [83.1 kB]
Get:88 http://us.archive.ubuntu.com/ubuntu/ trusty/main libdconf1 amd64 0.20.0-1 [31.5 kB]
Get:89 http://us.archive.ubuntu.com/ubuntu/ trusty/main libpciaccess0 amd64 0.13.2-1 [20.4 kB]
Get:90 http://us.archive.ubuntu.com/ubuntu/ trusty-updates/main libdrm-intel1 amd64 2.4.60-2~ubuntu14.04.1 [55.8 kB]
Get:91 http://us.archive.ubuntu.com/ubuntu/ trusty-updates/main libdrm-nouveau2 amd64 2.4.60-2~ubuntu14.04.1 [13.7 kB]
Get:92 http://us.archive.ubuntu.com/ubuntu/ trusty-updates/main libdrm-radeon1 amd64 2.4.60-2~ubuntu14.04.1 [23.3 kB]
Get:93 http://us.archive.ubuntu.com/ubuntu/ trusty/main libexif12 amd64 0.6.21-1ubuntu1 [75.5 kB]
Get:94 http://us.archive.ubuntu.com/ubuntu/ trusty/main libfontenc1 amd64 1:1.1.2-1 [15.6 kB]
Get:95 http://us.archive.ubuntu.com/ubuntu/ trusty/main libllvm3.4 amd64 1:3.4-1ubuntu3 [6,540 kB]
Get:96 http://us.archive.ubuntu.com/ubuntu/ trusty-updates/main libgl1-mesa-dri amd64 10.1.3-0ubuntu0.4 [4,568 kB]
Get:97 http://us.archive.ubuntu.com/ubuntu/ trusty-updates/main libglapi-mesa amd64 10.1.3-0ubuntu0.4 [21.4 kB]
Get:98 http://us.archive.ubuntu.com/ubuntu/ trusty/main libx11-xcb1 amd64 2:1.6.2-1ubuntu2 [9,426 B]
Get:99 http://us.archive.ubuntu.com/ubuntu/ trusty/main libxcb-dri2-0 amd64 1.10-2ubuntu1 [6,710 B]
Get:100 http://us.archive.ubuntu.com/ubuntu/ trusty/main libxcb-dri3-0 amd64 1.10-2ubuntu1 [5,118 B]
Get:101 http://us.archive.ubuntu.com/ubuntu/ trusty/main libxcb-glx0 amd64 1.10-2ubuntu1 [20.0 kB]
Get:102 http://us.archive.ubuntu.com/ubuntu/ trusty/main libxcb-present0 amd64 1.10-2ubuntu1 [5,254 B]
Get:103 http://us.archive.ubuntu.com/ubuntu/ trusty/main libxcb-sync1 amd64 1.10-2ubuntu1 [8,090 B]
Get:104 http://us.archive.ubuntu.com/ubuntu/ trusty/main libxshmfence1 amd64 1.1-2 [4,644 B]
Get:105 http://us.archive.ubuntu.com/ubuntu/ trusty/main libxxf86vm1 amd64 1:1.1.3-1 [11.7 kB]
Get:106 http://us.archive.ubuntu.com/ubuntu/ trusty-updates/main libgl1-mesa-glx amd64 10.1.3-0ubuntu0.4 [114 kB]
Get:107 http://us.archive.ubuntu.com/ubuntu/ trusty/main libgnome-keyring-common all 3.8.0-2 [5,536 B]
Get:108 http://us.archive.ubuntu.com/ubuntu/ trusty/main libgnome-keyring0 amd64 3.8.0-2 [55.4 kB]
Get:109 http://us.archive.ubuntu.com/ubuntu/ trusty-updates/main x11-common all 1:7.7+1ubuntu8.1 [49.5 kB]
Get:110 http://us.archive.ubuntu.com/ubuntu/ trusty/main libice6 amd64 2:1.0.8-2 [47.0 kB]
Get:111 http://us.archive.ubuntu.com/ubuntu/ trusty/main libsm6 amd64 2:1.2.1-2 [18.1 kB]
Get:112 http://us.archive.ubuntu.com/ubuntu/ trusty/main libgnomeui-common all 2.24.5-3 [16.5 kB]
Get:113 http://us.archive.ubuntu.com/ubuntu/ trusty/main libgnomeui-0 amd64 2.24.5-3 [203 kB]
Get:114 http://us.archive.ubuntu.com/ubuntu/ trusty-updates/main libgphoto2-port10 amd64 2.5.3.1-1ubuntu2.2 [40.8 kB]
Get:115 http://us.archive.ubuntu.com/ubuntu/ trusty-updates/main libgphoto2-6 amd64 2.5.3.1-1ubuntu2.2 [737 kB]
Get:116 http://us.archive.ubuntu.com/ubuntu/ trusty/main dconf-service amd64 0.20.0-1 [26.9 kB]
Get:117 http://us.archive.ubuntu.com/ubuntu/ trusty/main dconf-gsettings-backend amd64 0.20.0-1 [19.3 kB]
Get:118 http://us.archive.ubuntu.com/ubuntu/ trusty-updates/main libgtk-3-common all 3.10.8-0ubuntu1.6 [167 kB]
Get:119 http://us.archive.ubuntu.com/ubuntu/ trusty/main libwayland-client0 amd64 1.4.0-1ubuntu1 [22.1 kB]
Get:120 http://us.archive.ubuntu.com/ubuntu/ trusty/main libwayland-cursor0 amd64 1.4.0-1ubuntu1 [9,918 B]
Get:121 http://us.archive.ubuntu.com/ubuntu/ trusty/main libxkbcommon0 amd64 0.4.1-0ubuntu1 [87.9 kB]
Get:122 http://us.archive.ubuntu.com/ubuntu/ trusty-updates/main libgtk-3-0 amd64 3.10.8-0ubuntu1.6 [1,960 kB]
Get:123 http://us.archive.ubuntu.com/ubuntu/ trusty-updates/main libgudev-1.0-0 amd64 1:204-5ubuntu20.13 [14.1 kB]
Get:124 http://us.archive.ubuntu.com/ubuntu/ trusty/main libieee1284-3 amd64 0.2.11-12 [23.8 kB]
Get:125 http://us.archive.ubuntu.com/ubuntu/ trusty-updates/main libpolkit-agent-1-0 amd64 0.105-4ubuntu2.14.04.1 [14.9 kB]
Get:126 http://us.archive.ubuntu.com/ubuntu/ trusty-updates/main libpolkit-backend-1-0 amd64 0.105-4ubuntu2.14.04.1 [34.6 kB]
Get:127 http://us.archive.ubuntu.com/ubuntu/ trusty-updates/main libpython2.7 amd64 2.7.6-8ubuntu0.2 [1,039 kB]
Get:128 http://us.archive.ubuntu.com/ubuntu/ trusty/main acl amd64 2.2.52-1 [43.8 kB]
Get:129 http://us.archive.ubuntu.com/ubuntu/ trusty-updates/main libsane-common amd64 1.0.23-3ubuntu3.1 [451 kB]
Get:130 http://us.archive.ubuntu.com/ubuntu/ trusty/main libv4lconvert0 amd64 1.0.1-1 [74.8 kB]
Get:131 http://us.archive.ubuntu.com/ubuntu/ trusty/main libv4l-0 amd64 1.0.1-1 [38.8 kB]
Get:132 http://us.archive.ubuntu.com/ubuntu/ trusty-updates/main libsane amd64 1.0.23-3ubuntu3.1 [1,929 kB]
Get:133 http://us.archive.ubuntu.com/ubuntu/ trusty/main libsecret-common all 0.16-0ubuntu1 [4,166 B]
Get:134 http://us.archive.ubuntu.com/ubuntu/ trusty/main libsecret-1-0 amd64 0.16-0ubuntu1 [90.7 kB]
Get:135 http://us.archive.ubuntu.com/ubuntu/ trusty-updates/main libudisks2-0 amd64 2.1.3-1ubuntu0.1 [90.5 kB]
Get:136 http://us.archive.ubuntu.com/ubuntu/ trusty/main libxt6 amd64 1:1.1.4-1 [185 kB]
Get:137 http://us.archive.ubuntu.com/ubuntu/ trusty/main libxmu6 amd64 2:1.1.1-1 [53.8 kB]
Get:138 http://us.archive.ubuntu.com/ubuntu/ trusty/main libxaw7 amd64 2:1.0.12-1 [168 kB]
Get:139 http://us.archive.ubuntu.com/ubuntu/ trusty/main libxcb-shape0 amd64 1.10-2ubuntu1 [5,654 B]
Get:140 http://us.archive.ubuntu.com/ubuntu/ trusty/main libxft2 amd64 2.3.1-2 [36.2 kB]
Get:141 http://us.archive.ubuntu.com/ubuntu/ trusty/main libxtst6 amd64 2:1.2.2-1 [14.1 kB]
Get:142 http://us.archive.ubuntu.com/ubuntu/ trusty/main libxv1 amd64 2:1.0.10-1 [10.3 kB]
Get:143 http://us.archive.ubuntu.com/ubuntu/ trusty/main libxxf86dga1 amd64 2:1.1.4-1 [13.7 kB]
Get:144 http://us.archive.ubuntu.com/ubuntu/ trusty/main libgusb2 amd64 0.1.6-5 [15.4 kB]
Get:145 http://us.archive.ubuntu.com/ubuntu/ trusty/main libcolorhug1 amd64 1.0.6-1 [21.7 kB]
Get:146 http://us.archive.ubuntu.com/ubuntu/ trusty/main libtxc-dxtn-s2tc0 amd64 0~git20131104-1.1 [51.8 kB]
Get:147 http://us.archive.ubuntu.com/ubuntu/ trusty/main dosfstools amd64 3.0.26-1 [59.7 kB]
Get:148 http://us.archive.ubuntu.com/ubuntu/ trusty-updates/main libglib2.0-data all 2.40.2-0ubuntu1 [116 kB]
Get:149 http://us.archive.ubuntu.com/ubuntu/ trusty-updates/main parted amd64 2.3-19ubuntu1.14.04.1 [44.2 kB]
Get:150 http://us.archive.ubuntu.com/ubuntu/ trusty/main anacron amd64 2.3-20ubuntu1 [26.2 kB]
Get:151 http://us.archive.ubuntu.com/ubuntu/ trusty/main at amd64 3.1.14-1ubuntu1 [37.6 kB]
Get:152 http://us.archive.ubuntu.com/ubuntu/ trusty/main at-spi2-core amd64 2.10.2.is.2.10.1-0ubuntu1 [43.1 kB]
Get:153 http://us.archive.ubuntu.com/ubuntu/ trusty-updates/main policykit-1 amd64 0.105-4ubuntu2.14.04.1 [51.3 kB]
Get:154 http://us.archive.ubuntu.com/ubuntu/ trusty/main colord amd64 1.0.6-1 [213 kB]
Get:155 http://us.archive.ubuntu.com/ubuntu/ trusty/main desktop-file-utils amd64 0.22-1ubuntu1 [43.2 kB]
Get:156 http://us.archive.ubuntu.com/ubuntu/ trusty/universe python-support all 1.0.15 [26.7 kB]
Get:157 http://us.archive.ubuntu.com/ubuntu/ trusty/main python-cairo amd64 1.8.8-1ubuntu5 [39.9 kB]
Get:158 http://us.archive.ubuntu.com/ubuntu/ trusty/main python-gobject-2 amd64 2.28.6-12build1 [177 kB]
Get:159 http://us.archive.ubuntu.com/ubuntu/ trusty/main python-gtk2 amd64 2.24.0-3ubuntu3 [603 kB]
Get:160 http://us.archive.ubuntu.com/ubuntu/ trusty/main python-gconf amd64 2.28.1+dfsg-1ubuntu2 [21.9 kB]
Get:161 http://us.archive.ubuntu.com/ubuntu/ trusty/main python-pyorbit amd64 2.24.0-6ubuntu4 [57.2 kB]
Get:162 http://us.archive.ubuntu.com/ubuntu/ trusty/main python-gnome2 amd64 2.28.1+dfsg-1ubuntu2 [136 kB]
Get:163 http://us.archive.ubuntu.com/ubuntu/ trusty/main python-glade2 amd64 2.24.0-3ubuntu3 [8,744 B]
Get:164 http://us.archive.ubuntu.com/ubuntu/ trusty/universe gnome-schedule all 2.1.1-4 [976 kB]
Get:165 http://us.archive.ubuntu.com/ubuntu/ trusty/main x11-utils amd64 7.7+1 [230 kB]
Get:166 http://us.archive.ubuntu.com/ubuntu/ trusty-updates/main udisks2 amd64 2.1.3-1ubuntu0.1 [170 kB]
Get:167 http://us.archive.ubuntu.com/ubuntu/ trusty-updates/main gvfs-common all 1.20.3-0ubuntu1.1 [42.5 kB]
Get:168 http://us.archive.ubuntu.com/ubuntu/ trusty-updates/main gvfs-libs amd64 1.20.3-0ubuntu1.1 [105 kB]
Get:169 http://us.archive.ubuntu.com/ubuntu/ trusty-updates/main gvfs-daemons amd64 1.20.3-0ubuntu1.1 [109 kB]
Get:170 http://us.archive.ubuntu.com/ubuntu/ trusty-updates/main gvfs amd64 1.20.3-0ubuntu1.1 [89.8 kB]
Get:171 http://us.archive.ubuntu.com/ubuntu/ trusty/main hicolor-icon-theme all 0.13-1 [7,140 B]
Get:172 http://us.archive.ubuntu.com/ubuntu/ trusty-updates/main libgphoto2-l10n all 2.5.3.1-1ubuntu2.2 [7,602 B]
Get:173 http://us.archive.ubuntu.com/ubuntu/ trusty-updates/main libgtk-3-bin amd64 3.10.8-0ubuntu1.6 [18.2 kB]
Get:174 http://us.archive.ubuntu.com/ubuntu/ trusty-updates/main libgtk2.0-bin amd64 2.24.23-0ubuntu1.2 [9,798 B]
Get:175 http://us.archive.ubuntu.com/ubuntu/ trusty/main policykit-1-gnome amd64 0.105-1ubuntu4 [27.8 kB]
Get:176 http://us.archive.ubuntu.com/ubuntu/ trusty-updates/main gdisk amd64 0.8.8-1ubuntu0.1 [185 kB]
Fetched 32.8 MB in 29s (1,093 kB/s)                                            
Extracting templates from packages: 100%
Preconfiguring packages ...
Selecting previously unselected package libglib2.0-0:amd64.
(Reading database ... 78598 files and directories currently installed.)
Preparing to unpack .../libglib2.0-0_2.40.2-0ubuntu1_amd64.deb ...
Unpacking libglib2.0-0:amd64 (2.40.2-0ubuntu1) ...
Selecting previously unselected package libdbus-glib-1-2:amd64.
Preparing to unpack .../libdbus-glib-1-2_0.100.2-1_amd64.deb ...
Unpacking libdbus-glib-1-2:amd64 (0.100.2-1) ...
Selecting previously unselected package libelf1:amd64.
Preparing to unpack .../libelf1_0.158-0ubuntu5.2_amd64.deb ...
Unpacking libelf1:amd64 (0.158-0ubuntu5.2) ...
Selecting previously unselected package libsystemd-daemon0:amd64.
Preparing to unpack .../libsystemd-daemon0_204-5ubuntu20.13_amd64.deb ...
Unpacking libsystemd-daemon0:amd64 (204-5ubuntu20.13) ...
Selecting previously unselected package libapparmor1:amd64.
Preparing to unpack .../libapparmor1_2.8.95~2430-0ubuntu5.3_amd64.deb ...
Unpacking libapparmor1:amd64 (2.8.95~2430-0ubuntu5.3) ...
Selecting previously unselected package libsystemd-login0:amd64.
Preparing to unpack .../libsystemd-login0_204-5ubuntu20.13_amd64.deb ...
Unpacking libsystemd-login0:amd64 (204-5ubuntu20.13) ...
Selecting previously unselected package dbus.
Preparing to unpack .../dbus_1.6.18-0ubuntu4.3_amd64.deb ...
Unpacking dbus (1.6.18-0ubuntu4.3) ...
Selecting previously unselected package systemd-shim.
Preparing to unpack .../systemd-shim_6-2bzr1_amd64.deb ...
Adding 'diversion of /usr/share/dbus-1/system-services/org.freedesktop.systemd1.service to /usr/share/dbus-1/system-services/org.freedesktop.systemd1.service.systemd by systemd-shim'
Unpacking systemd-shim (6-2bzr1) ...
Selecting previously unselected package systemd-services.
Preparing to unpack .../systemd-services_204-5ubuntu20.13_amd64.deb ...
Unpacking systemd-services (204-5ubuntu20.13) ...
Selecting previously unselected package libpam-systemd:amd64.
Preparing to unpack .../libpam-systemd_204-5ubuntu20.13_amd64.deb ...
Unpacking libpam-systemd:amd64 (204-5ubuntu20.13) ...
Selecting previously unselected package libparted0debian1:amd64.
Preparing to unpack .../libparted0debian1_2.3-19ubuntu1.14.04.1_amd64.deb ...
Unpacking libparted0debian1:amd64 (2.3-19ubuntu1.14.04.1) ...
Selecting previously unselected package libpolkit-gobject-1-0:amd64.
Preparing to unpack .../libpolkit-gobject-1-0_0.105-4ubuntu2.14.04.1_amd64.deb ...
Unpacking libpolkit-gobject-1-0:amd64 (0.105-4ubuntu2.14.04.1) ...
Selecting previously unselected package fuse.
Preparing to unpack .../fuse_2.9.2-4ubuntu4.14.04.1_amd64.deb ...
Unpacking fuse (2.9.2-4ubuntu4.14.04.1) ...
Processing triggers for ureadahead (0.100.0-16) ...
ureadahead will be reprofiled on next reboot
Processing triggers for man-db (2.6.7.1-1ubuntu1) ...
Setting up fuse (2.9.2-4ubuntu4.14.04.1) ...
Creating fuse group...
Adding group `fuse' (GID 111) ...
Done.
update-initramfs: deferring update (trigger activated)
Processing triggers for initramfs-tools (0.103ubuntu4.2) ...
update-initramfs: Generating /boot/initrd.img-3.19.0-25-generic
Selecting previously unselected package ntfs-3g.
(Reading database ... 78780 files and directories currently installed.)
Preparing to unpack .../ntfs-3g_1%3a2013.1.13AR.1-2ubuntu2_amd64.deb ...
Unpacking ntfs-3g (1:2013.1.13AR.1-2ubuntu2) ...
Selecting previously unselected package libart-2.0-2:amd64.
Preparing to unpack .../libart-2.0-2_2.3.21-2_amd64.deb ...
Unpacking libart-2.0-2:amd64 (2.3.21-2) ...
Selecting previously unselected package libasound2-data.
Preparing to unpack .../libasound2-data_1.0.27.2-3ubuntu7_all.deb ...
Unpacking libasound2-data (1.0.27.2-3ubuntu7) ...
Selecting previously unselected package libasound2:amd64.
Preparing to unpack .../libasound2_1.0.27.2-3ubuntu7_amd64.deb ...
Unpacking libasound2:amd64 (1.0.27.2-3ubuntu7) ...
Selecting previously unselected package libatasmart4:amd64.
Preparing to unpack .../libatasmart4_0.19-3_amd64.deb ...
Unpacking libatasmart4:amd64 (0.19-3) ...
Selecting previously unselected package libatk1.0-data.
Preparing to unpack .../libatk1.0-data_2.10.0-2ubuntu2_all.deb ...
Unpacking libatk1.0-data (2.10.0-2ubuntu2) ...
Selecting previously unselected package libatk1.0-0:amd64.
Preparing to unpack .../libatk1.0-0_2.10.0-2ubuntu2_amd64.deb ...
Unpacking libatk1.0-0:amd64 (2.10.0-2ubuntu2) ...
Selecting previously unselected package libatspi2.0-0:amd64.
Preparing to unpack .../libatspi2.0-0_2.10.2.is.2.10.1-0ubuntu1_amd64.deb ...
Unpacking libatspi2.0-0:amd64 (2.10.2.is.2.10.1-0ubuntu1) ...
Selecting previously unselected package libatk-bridge2.0-0:amd64.
Preparing to unpack .../libatk-bridge2.0-0_2.10.2-2ubuntu1_amd64.deb ...
Unpacking libatk-bridge2.0-0:amd64 (2.10.2-2ubuntu1) ...
Selecting previously unselected package libavahi-common-data:amd64.
Preparing to unpack .../libavahi-common-data_0.6.31-4ubuntu1_amd64.deb ...
Unpacking libavahi-common-data:amd64 (0.6.31-4ubuntu1) ...
Selecting previously unselected package libavahi-common3:amd64.
Preparing to unpack .../libavahi-common3_0.6.31-4ubuntu1_amd64.deb ...
Unpacking libavahi-common3:amd64 (0.6.31-4ubuntu1) ...
Selecting previously unselected package libavahi-client3:amd64.
Preparing to unpack .../libavahi-client3_0.6.31-4ubuntu1_amd64.deb ...
Unpacking libavahi-client3:amd64 (0.6.31-4ubuntu1) ...
Selecting previously unselected package libavahi-glib1:amd64.
Preparing to unpack .../libavahi-glib1_0.6.31-4ubuntu1_amd64.deb ...
Unpacking libavahi-glib1:amd64 (0.6.31-4ubuntu1) ...
Selecting previously unselected package libbonobo2-common.
Preparing to unpack .../libbonobo2-common_2.32.1-0ubuntu5_all.deb ...
Unpacking libbonobo2-common (2.32.1-0ubuntu5) ...
Selecting previously unselected package libidl-common.
Preparing to unpack .../libidl-common_0.8.14-0.2ubuntu4_all.deb ...
Unpacking libidl-common (0.8.14-0.2ubuntu4) ...
Selecting previously unselected package libidl0:amd64.
Preparing to unpack .../libidl0_0.8.14-0.2ubuntu4_amd64.deb ...
Unpacking libidl0:amd64 (0.8.14-0.2ubuntu4) ...
Selecting previously unselected package liborbit-2-0:amd64.
Preparing to unpack .../liborbit-2-0_1%3a2.14.19-0.3_amd64.deb ...
Unpacking liborbit-2-0:amd64 (1:2.14.19-0.3) ...
Selecting previously unselected package liborbit2:amd64.
Preparing to unpack .../liborbit2_1%3a2.14.19-0.3_amd64.deb ...
Unpacking liborbit2:amd64 (1:2.14.19-0.3) ...
Selecting previously unselected package libbonobo2-0:amd64.
Preparing to unpack .../libbonobo2-0_2.32.1-0ubuntu5_amd64.deb ...
Unpacking libbonobo2-0:amd64 (2.32.1-0ubuntu5) ...
Selecting previously unselected package gconf2-common.
Preparing to unpack .../gconf2-common_3.2.6-0ubuntu2_all.deb ...
Unpacking gconf2-common (3.2.6-0ubuntu2) ...
Selecting previously unselected package libgconf-2-4:amd64.
Preparing to unpack .../libgconf-2-4_3.2.6-0ubuntu2_amd64.deb ...
Unpacking libgconf-2-4:amd64 (3.2.6-0ubuntu2) ...
Selecting previously unselected package gconf-service-backend.
Preparing to unpack .../gconf-service-backend_3.2.6-0ubuntu2_amd64.deb ...
Unpacking gconf-service-backend (3.2.6-0ubuntu2) ...
Selecting previously unselected package gconf-service.
Preparing to unpack .../gconf-service_3.2.6-0ubuntu2_amd64.deb ...
Unpacking gconf-service (3.2.6-0ubuntu2) ...
Selecting previously unselected package libjasper1:amd64.
Preparing to unpack .../libjasper1_1.900.1-14ubuntu3.2_amd64.deb ...
Unpacking libjasper1:amd64 (1.900.1-14ubuntu3.2) ...
Selecting previously unselected package libgdk-pixbuf2.0-common.
Preparing to unpack .../libgdk-pixbuf2.0-common_2.30.7-0ubuntu1_all.deb ...
Unpacking libgdk-pixbuf2.0-common (2.30.7-0ubuntu1) ...
Selecting previously unselected package libgdk-pixbuf2.0-0:amd64.
Preparing to unpack .../libgdk-pixbuf2.0-0_2.30.7-0ubuntu1_amd64.deb ...
Unpacking libgdk-pixbuf2.0-0:amd64 (2.30.7-0ubuntu1) ...
Selecting previously unselected package libgtk2.0-common.
Preparing to unpack .../libgtk2.0-common_2.24.23-0ubuntu1.2_all.deb ...
Unpacking libgtk2.0-common (2.24.23-0ubuntu1.2) ...
Selecting previously unselected package libpixman-1-0:amd64.
Preparing to unpack .../libpixman-1-0_0.30.2-2ubuntu1_amd64.deb ...
Unpacking libpixman-1-0:amd64 (0.30.2-2ubuntu1) ...
Selecting previously unselected package libxcb-render0:amd64.
Preparing to unpack .../libxcb-render0_1.10-2ubuntu1_amd64.deb ...
Unpacking libxcb-render0:amd64 (1.10-2ubuntu1) ...
Selecting previously unselected package libxcb-shm0:amd64.
Preparing to unpack .../libxcb-shm0_1.10-2ubuntu1_amd64.deb ...
Unpacking libxcb-shm0:amd64 (1.10-2ubuntu1) ...
Selecting previously unselected package libxrender1:amd64.
Preparing to unpack .../libxrender1_1%3a0.9.8-1build0.14.04.1_amd64.deb ...
Unpacking libxrender1:amd64 (1:0.9.8-1build0.14.04.1) ...
Selecting previously unselected package libcairo2:amd64.
Preparing to unpack .../libcairo2_1.13.0~20140204-0ubuntu1.1_amd64.deb ...
Unpacking libcairo2:amd64 (1.13.0~20140204-0ubuntu1.1) ...
Selecting previously unselected package libcups2:amd64.
Preparing to unpack .../libcups2_1.7.2-0ubuntu1.6_amd64.deb ...
Unpacking libcups2:amd64 (1.7.2-0ubuntu1.6) ...
Selecting previously unselected package libthai-data.
Preparing to unpack .../libthai-data_0.1.20-3_all.deb ...
Unpacking libthai-data (0.1.20-3) ...
Selecting previously unselected package libdatrie1:amd64.
Preparing to unpack .../libdatrie1_0.2.8-1_amd64.deb ...
Unpacking libdatrie1:amd64 (0.2.8-1) ...
Selecting previously unselected package libthai0:amd64.
Preparing to unpack .../libthai0_0.1.20-3_amd64.deb ...
Unpacking libthai0:amd64 (0.1.20-3) ...
Selecting previously unselected package fontconfig.
Preparing to unpack .../fontconfig_2.11.0-0ubuntu4.1_amd64.deb ...
Unpacking fontconfig (2.11.0-0ubuntu4.1) ...
Selecting previously unselected package libpango-1.0-0:amd64.
Preparing to unpack .../libpango-1.0-0_1.36.3-1ubuntu1.1_amd64.deb ...
Unpacking libpango-1.0-0:amd64 (1.36.3-1ubuntu1.1) ...
Selecting previously unselected package libgraphite2-3:amd64.
Preparing to unpack .../libgraphite2-3_1.2.4-1ubuntu1_amd64.deb ...
Unpacking libgraphite2-3:amd64 (1.2.4-1ubuntu1) ...
Selecting previously unselected package libharfbuzz0b:amd64.
Preparing to unpack .../libharfbuzz0b_0.9.27-1ubuntu1_amd64.deb ...
Unpacking libharfbuzz0b:amd64 (0.9.27-1ubuntu1) ...
Selecting previously unselected package libpangoft2-1.0-0:amd64.
Preparing to unpack .../libpangoft2-1.0-0_1.36.3-1ubuntu1.1_amd64.deb ...
Unpacking libpangoft2-1.0-0:amd64 (1.36.3-1ubuntu1.1) ...
Selecting previously unselected package libpangocairo-1.0-0:amd64.
Preparing to unpack .../libpangocairo-1.0-0_1.36.3-1ubuntu1.1_amd64.deb ...
Unpacking libpangocairo-1.0-0:amd64 (1.36.3-1ubuntu1.1) ...
Selecting previously unselected package libxcomposite1:amd64.
Preparing to unpack .../libxcomposite1_1%3a0.4.4-1_amd64.deb ...
Unpacking libxcomposite1:amd64 (1:0.4.4-1) ...
Selecting previously unselected package libxfixes3:amd64.
Preparing to unpack .../libxfixes3_1%3a5.0.1-1ubuntu1.1_amd64.deb ...
Unpacking libxfixes3:amd64 (1:5.0.1-1ubuntu1.1) ...
Selecting previously unselected package libxcursor1:amd64.
Preparing to unpack .../libxcursor1_1%3a1.1.14-1_amd64.deb ...
Unpacking libxcursor1:amd64 (1:1.1.14-1) ...
Selecting previously unselected package libxdamage1:amd64.
Preparing to unpack .../libxdamage1_1%3a1.1.4-1ubuntu1_amd64.deb ...
Unpacking libxdamage1:amd64 (1:1.1.4-1ubuntu1) ...
Selecting previously unselected package libxi6:amd64.
Preparing to unpack .../libxi6_2%3a1.7.1.901-1ubuntu1.1_amd64.deb ...
Unpacking libxi6:amd64 (2:1.7.1.901-1ubuntu1.1) ...
Selecting previously unselected package libxinerama1:amd64.
Preparing to unpack .../libxinerama1_2%3a1.1.3-1_amd64.deb ...
Unpacking libxinerama1:amd64 (2:1.1.3-1) ...
Selecting previously unselected package libxrandr2:amd64.
Preparing to unpack .../libxrandr2_2%3a1.4.2-1_amd64.deb ...
Unpacking libxrandr2:amd64 (2:1.4.2-1) ...
Selecting previously unselected package shared-mime-info.
Preparing to unpack .../shared-mime-info_1.2-0ubuntu3_amd64.deb ...
Unpacking shared-mime-info (1.2-0ubuntu3) ...
Selecting previously unselected package libgtk2.0-0:amd64.
Preparing to unpack .../libgtk2.0-0_2.24.23-0ubuntu1.2_amd64.deb ...
Unpacking libgtk2.0-0:amd64 (2.24.23-0ubuntu1.2) ...
Selecting previously unselected package libglade2-0:amd64.
Preparing to unpack .../libglade2-0_1%3a2.6.4-2_amd64.deb ...
Unpacking libglade2-0:amd64 (1:2.6.4-2) ...
Selecting previously unselected package libltdl7:amd64.
Preparing to unpack .../libltdl7_2.4.2-1.7ubuntu1_amd64.deb ...
Unpacking libltdl7:amd64 (2.4.2-1.7ubuntu1) ...
Selecting previously unselected package libtdb1:amd64.
Preparing to unpack .../libtdb1_1.2.12-1_amd64.deb ...
Unpacking libtdb1:amd64 (1.2.12-1) ...
Selecting previously unselected package libogg0:amd64.
Preparing to unpack .../libogg0_1.3.1-1ubuntu1_amd64.deb ...
Unpacking libogg0:amd64 (1.3.1-1ubuntu1) ...
Selecting previously unselected package libvorbis0a:amd64.
Preparing to unpack .../libvorbis0a_1.3.2-1.3ubuntu1_amd64.deb ...
Unpacking libvorbis0a:amd64 (1.3.2-1.3ubuntu1) ...
Selecting previously unselected package libvorbisfile3:amd64.
Preparing to unpack .../libvorbisfile3_1.3.2-1.3ubuntu1_amd64.deb ...
Unpacking libvorbisfile3:amd64 (1.3.2-1.3ubuntu1) ...
Selecting previously unselected package sound-theme-freedesktop.
Preparing to unpack .../sound-theme-freedesktop_0.8-1_all.deb ...
Unpacking sound-theme-freedesktop (0.8-1) ...
Selecting previously unselected package libcanberra0:amd64.
Preparing to unpack .../libcanberra0_0.30-0ubuntu3_amd64.deb ...
Unpacking libcanberra0:amd64 (0.30-0ubuntu3) ...
Selecting previously unselected package dbus-x11.
Preparing to unpack .../dbus-x11_1.6.18-0ubuntu4.3_amd64.deb ...
Unpacking dbus-x11 (1.6.18-0ubuntu4.3) ...
Selecting previously unselected package gconf2.
Preparing to unpack .../gconf2_3.2.6-0ubuntu2_amd64.deb ...
Unpacking gconf2 (3.2.6-0ubuntu2) ...
Selecting previously unselected package libgnomevfs2-common.
Preparing to unpack .../libgnomevfs2-common_1%3a2.24.4-1ubuntu6_amd64.deb ...
Unpacking libgnomevfs2-common (1:2.24.4-1ubuntu6) ...
Selecting previously unselected package libgnomevfs2-0:amd64.
Preparing to unpack .../libgnomevfs2-0_1%3a2.24.4-1ubuntu6_amd64.deb ...
Unpacking libgnomevfs2-0:amd64 (1:2.24.4-1ubuntu6) ...
Selecting previously unselected package libgnome2-common.
Preparing to unpack .../libgnome2-common_2.32.1-4ubuntu1_all.deb ...
Unpacking libgnome2-common (2.32.1-4ubuntu1) ...
Selecting previously unselected package libgnome2-bin.
Preparing to unpack .../libgnome2-bin_2.32.1-4ubuntu1_amd64.deb ...
Unpacking libgnome2-bin (2.32.1-4ubuntu1) ...
Selecting previously unselected package libgnome2-0:amd64.
Preparing to unpack .../libgnome2-0_2.32.1-4ubuntu1_amd64.deb ...
Unpacking libgnome2-0:amd64 (2.32.1-4ubuntu1) ...
Selecting previously unselected package libgail18:amd64.
Preparing to unpack .../libgail18_2.24.23-0ubuntu1.2_amd64.deb ...
Unpacking libgail18:amd64 (2.24.23-0ubuntu1.2) ...
Selecting previously unselected package libgnomecanvas2-common.
Preparing to unpack .../libgnomecanvas2-common_2.30.3-2_all.deb ...
Unpacking libgnomecanvas2-common (2.30.3-2) ...
Selecting previously unselected package libgnomecanvas2-0:amd64.
Preparing to unpack .../libgnomecanvas2-0_2.30.3-2_amd64.deb ...
Unpacking libgnomecanvas2-0:amd64 (2.30.3-2) ...
Selecting previously unselected package libbonoboui2-common.
Preparing to unpack .../libbonoboui2-common_2.24.5-0ubuntu3_all.deb ...
Unpacking libbonoboui2-common (2.24.5-0ubuntu3) ...
Selecting previously unselected package libbonoboui2-0:amd64.
Preparing to unpack .../libbonoboui2-0_2.24.5-0ubuntu3_amd64.deb ...
Unpacking libbonoboui2-0:amd64 (2.24.5-0ubuntu3) ...
Selecting previously unselected package libcairo-gobject2:amd64.
Preparing to unpack .../libcairo-gobject2_1.13.0~20140204-0ubuntu1.1_amd64.deb ...
Unpacking libcairo-gobject2:amd64 (1.13.0~20140204-0ubuntu1.1) ...
Selecting previously unselected package liblcms2-2:amd64.
Preparing to unpack .../liblcms2-2_2.5-0ubuntu4_amd64.deb ...
Unpacking liblcms2-2:amd64 (2.5-0ubuntu4) ...
Selecting previously unselected package libcolord1:amd64.
Preparing to unpack .../libcolord1_1.0.6-1_amd64.deb ...
Unpacking libcolord1:amd64 (1.0.6-1) ...
Selecting previously unselected package libdconf1:amd64.
Preparing to unpack .../libdconf1_0.20.0-1_amd64.deb ...
Unpacking libdconf1:amd64 (0.20.0-1) ...
Selecting previously unselected package libpciaccess0:amd64.
Preparing to unpack .../libpciaccess0_0.13.2-1_amd64.deb ...
Unpacking libpciaccess0:amd64 (0.13.2-1) ...
Selecting previously unselected package libdrm-intel1:amd64.
Preparing to unpack .../libdrm-intel1_2.4.60-2~ubuntu14.04.1_amd64.deb ...
Unpacking libdrm-intel1:amd64 (2.4.60-2~ubuntu14.04.1) ...
Selecting previously unselected package libdrm-nouveau2:amd64.
Preparing to unpack .../libdrm-nouveau2_2.4.60-2~ubuntu14.04.1_amd64.deb ...
Unpacking libdrm-nouveau2:amd64 (2.4.60-2~ubuntu14.04.1) ...
Selecting previously unselected package libdrm-radeon1:amd64.
Preparing to unpack .../libdrm-radeon1_2.4.60-2~ubuntu14.04.1_amd64.deb ...
Unpacking libdrm-radeon1:amd64 (2.4.60-2~ubuntu14.04.1) ...
Selecting previously unselected package libexif12:amd64.
Preparing to unpack .../libexif12_0.6.21-1ubuntu1_amd64.deb ...
Unpacking libexif12:amd64 (0.6.21-1ubuntu1) ...
Selecting previously unselected package libfontenc1:amd64.
Preparing to unpack .../libfontenc1_1%3a1.1.2-1_amd64.deb ...
Unpacking libfontenc1:amd64 (1:1.1.2-1) ...
Selecting previously unselected package libllvm3.4:amd64.
Preparing to unpack .../libllvm3.4_1%3a3.4-1ubuntu3_amd64.deb ...
Unpacking libllvm3.4:amd64 (1:3.4-1ubuntu3) ...
Selecting previously unselected package libgl1-mesa-dri:amd64.
Preparing to unpack .../libgl1-mesa-dri_10.1.3-0ubuntu0.4_amd64.deb ...
Unpacking libgl1-mesa-dri:amd64 (10.1.3-0ubuntu0.4) ...
Selecting previously unselected package libglapi-mesa:amd64.
Preparing to unpack .../libglapi-mesa_10.1.3-0ubuntu0.4_amd64.deb ...
Unpacking libglapi-mesa:amd64 (10.1.3-0ubuntu0.4) ...
Selecting previously unselected package libx11-xcb1:amd64.
Preparing to unpack .../libx11-xcb1_2%3a1.6.2-1ubuntu2_amd64.deb ...
Unpacking libx11-xcb1:amd64 (2:1.6.2-1ubuntu2) ...
Selecting previously unselected package libxcb-dri2-0:amd64.
Preparing to unpack .../libxcb-dri2-0_1.10-2ubuntu1_amd64.deb ...
Unpacking libxcb-dri2-0:amd64 (1.10-2ubuntu1) ...
Selecting previously unselected package libxcb-dri3-0:amd64.
Preparing to unpack .../libxcb-dri3-0_1.10-2ubuntu1_amd64.deb ...
Unpacking libxcb-dri3-0:amd64 (1.10-2ubuntu1) ...
Selecting previously unselected package libxcb-glx0:amd64.
Preparing to unpack .../libxcb-glx0_1.10-2ubuntu1_amd64.deb ...
Unpacking libxcb-glx0:amd64 (1.10-2ubuntu1) ...
Selecting previously unselected package libxcb-present0:amd64.
Preparing to unpack .../libxcb-present0_1.10-2ubuntu1_amd64.deb ...
Unpacking libxcb-present0:amd64 (1.10-2ubuntu1) ...
Selecting previously unselected package libxcb-sync1:amd64.
Preparing to unpack .../libxcb-sync1_1.10-2ubuntu1_amd64.deb ...
Unpacking libxcb-sync1:amd64 (1.10-2ubuntu1) ...
Selecting previously unselected package libxshmfence1:amd64.
Preparing to unpack .../libxshmfence1_1.1-2_amd64.deb ...
Unpacking libxshmfence1:amd64 (1.1-2) ...
Selecting previously unselected package libxxf86vm1:amd64.
Preparing to unpack .../libxxf86vm1_1%3a1.1.3-1_amd64.deb ...
Unpacking libxxf86vm1:amd64 (1:1.1.3-1) ...
Selecting previously unselected package libgl1-mesa-glx:amd64.
Preparing to unpack .../libgl1-mesa-glx_10.1.3-0ubuntu0.4_amd64.deb ...
Unpacking libgl1-mesa-glx:amd64 (10.1.3-0ubuntu0.4) ...
Selecting previously unselected package libgnome-keyring-common.
Preparing to unpack .../libgnome-keyring-common_3.8.0-2_all.deb ...
Unpacking libgnome-keyring-common (3.8.0-2) ...
Selecting previously unselected package libgnome-keyring0:amd64.
Preparing to unpack .../libgnome-keyring0_3.8.0-2_amd64.deb ...
Unpacking libgnome-keyring0:amd64 (3.8.0-2) ...
Selecting previously unselected package x11-common.
Preparing to unpack .../x11-common_1%3a7.7+1ubuntu8.1_all.deb ...
Unpacking x11-common (1:7.7+1ubuntu8.1) ...
Selecting previously unselected package libice6:amd64.
Preparing to unpack .../libice6_2%3a1.0.8-2_amd64.deb ...
Unpacking libice6:amd64 (2:1.0.8-2) ...
Selecting previously unselected package libsm6:amd64.
Preparing to unpack .../libsm6_2%3a1.2.1-2_amd64.deb ...
Unpacking libsm6:amd64 (2:1.2.1-2) ...
Selecting previously unselected package libgnomeui-common.
Preparing to unpack .../libgnomeui-common_2.24.5-3_all.deb ...
Unpacking libgnomeui-common (2.24.5-3) ...
Selecting previously unselected package libgnomeui-0:amd64.
Preparing to unpack .../libgnomeui-0_2.24.5-3_amd64.deb ...
Unpacking libgnomeui-0:amd64 (2.24.5-3) ...
Selecting previously unselected package libgphoto2-port10:amd64.
Preparing to unpack .../libgphoto2-port10_2.5.3.1-1ubuntu2.2_amd64.deb ...
Unpacking libgphoto2-port10:amd64 (2.5.3.1-1ubuntu2.2) ...
Selecting previously unselected package libgphoto2-6:amd64.
Preparing to unpack .../libgphoto2-6_2.5.3.1-1ubuntu2.2_amd64.deb ...
Unpacking libgphoto2-6:amd64 (2.5.3.1-1ubuntu2.2) ...
Selecting previously unselected package dconf-service.
Preparing to unpack .../dconf-service_0.20.0-1_amd64.deb ...
Unpacking dconf-service (0.20.0-1) ...
Selecting previously unselected package dconf-gsettings-backend:amd64.
Preparing to unpack .../dconf-gsettings-backend_0.20.0-1_amd64.deb ...
Unpacking dconf-gsettings-backend:amd64 (0.20.0-1) ...
Selecting previously unselected package libgtk-3-common.
Preparing to unpack .../libgtk-3-common_3.10.8-0ubuntu1.6_all.deb ...
Unpacking libgtk-3-common (3.10.8-0ubuntu1.6) ...
Selecting previously unselected package libwayland-client0:amd64.
Preparing to unpack .../libwayland-client0_1.4.0-1ubuntu1_amd64.deb ...
Unpacking libwayland-client0:amd64 (1.4.0-1ubuntu1) ...
Selecting previously unselected package libwayland-cursor0:amd64.
Preparing to unpack .../libwayland-cursor0_1.4.0-1ubuntu1_amd64.deb ...
Unpacking libwayland-cursor0:amd64 (1.4.0-1ubuntu1) ...
Selecting previously unselected package libxkbcommon0:amd64.
Preparing to unpack .../libxkbcommon0_0.4.1-0ubuntu1_amd64.deb ...
Unpacking libxkbcommon0:amd64 (0.4.1-0ubuntu1) ...
Selecting previously unselected package libgtk-3-0:amd64.
Preparing to unpack .../libgtk-3-0_3.10.8-0ubuntu1.6_amd64.deb ...
Unpacking libgtk-3-0:amd64 (3.10.8-0ubuntu1.6) ...
Selecting previously unselected package libgudev-1.0-0:amd64.
Preparing to unpack .../libgudev-1.0-0_1%3a204-5ubuntu20.13_amd64.deb ...
Unpacking libgudev-1.0-0:amd64 (1:204-5ubuntu20.13) ...
Selecting previously unselected package libieee1284-3:amd64.
Preparing to unpack .../libieee1284-3_0.2.11-12_amd64.deb ...
Unpacking libieee1284-3:amd64 (0.2.11-12) ...
Selecting previously unselected package libpolkit-agent-1-0:amd64.
Preparing to unpack .../libpolkit-agent-1-0_0.105-4ubuntu2.14.04.1_amd64.deb ...
Unpacking libpolkit-agent-1-0:amd64 (0.105-4ubuntu2.14.04.1) ...
Selecting previously unselected package libpolkit-backend-1-0:amd64.
Preparing to unpack .../libpolkit-backend-1-0_0.105-4ubuntu2.14.04.1_amd64.deb ...
Unpacking libpolkit-backend-1-0:amd64 (0.105-4ubuntu2.14.04.1) ...
Selecting previously unselected package libpython2.7:amd64.
Preparing to unpack .../libpython2.7_2.7.6-8ubuntu0.2_amd64.deb ...
Unpacking libpython2.7:amd64 (2.7.6-8ubuntu0.2) ...
Selecting previously unselected package acl.
Preparing to unpack .../acl_2.2.52-1_amd64.deb ...
Unpacking acl (2.2.52-1) ...
Selecting previously unselected package libsane-common.
Preparing to unpack .../libsane-common_1.0.23-3ubuntu3.1_amd64.deb ...
Unpacking libsane-common (1.0.23-3ubuntu3.1) ...
Selecting previously unselected package libv4lconvert0:amd64.
Preparing to unpack .../libv4lconvert0_1.0.1-1_amd64.deb ...
Unpacking libv4lconvert0:amd64 (1.0.1-1) ...
Selecting previously unselected package libv4l-0:amd64.
Preparing to unpack .../libv4l-0_1.0.1-1_amd64.deb ...
Unpacking libv4l-0:amd64 (1.0.1-1) ...
Selecting previously unselected package libsane:amd64.
Preparing to unpack .../libsane_1.0.23-3ubuntu3.1_amd64.deb ...
Unpacking libsane:amd64 (1.0.23-3ubuntu3.1) ...
Selecting previously unselected package libsecret-common.
Preparing to unpack .../libsecret-common_0.16-0ubuntu1_all.deb ...
Unpacking libsecret-common (0.16-0ubuntu1) ...
Selecting previously unselected package libsecret-1-0:amd64.
Preparing to unpack .../libsecret-1-0_0.16-0ubuntu1_amd64.deb ...
Unpacking libsecret-1-0:amd64 (0.16-0ubuntu1) ...
Selecting previously unselected package libudisks2-0:amd64.
Preparing to unpack .../libudisks2-0_2.1.3-1ubuntu0.1_amd64.deb ...
Unpacking libudisks2-0:amd64 (2.1.3-1ubuntu0.1) ...
Selecting previously unselected package libxt6:amd64.
Preparing to unpack .../libxt6_1%3a1.1.4-1_amd64.deb ...
Unpacking libxt6:amd64 (1:1.1.4-1) ...
Selecting previously unselected package libxmu6:amd64.
Preparing to unpack .../libxmu6_2%3a1.1.1-1_amd64.deb ...
Unpacking libxmu6:amd64 (2:1.1.1-1) ...
Selecting previously unselected package libxaw7:amd64.
Preparing to unpack .../libxaw7_2%3a1.0.12-1_amd64.deb ...
Unpacking libxaw7:amd64 (2:1.0.12-1) ...
Selecting previously unselected package libxcb-shape0:amd64.
Preparing to unpack .../libxcb-shape0_1.10-2ubuntu1_amd64.deb ...
Unpacking libxcb-shape0:amd64 (1.10-2ubuntu1) ...
Selecting previously unselected package libxft2:amd64.
Preparing to unpack .../libxft2_2.3.1-2_amd64.deb ...
Unpacking libxft2:amd64 (2.3.1-2) ...
Selecting previously unselected package libxtst6:amd64.
Preparing to unpack .../libxtst6_2%3a1.2.2-1_amd64.deb ...
Unpacking libxtst6:amd64 (2:1.2.2-1) ...
Selecting previously unselected package libxv1:amd64.
Preparing to unpack .../libxv1_2%3a1.0.10-1_amd64.deb ...
Unpacking libxv1:amd64 (2:1.0.10-1) ...
Selecting previously unselected package libxxf86dga1:amd64.
Preparing to unpack .../libxxf86dga1_2%3a1.1.4-1_amd64.deb ...
Unpacking libxxf86dga1:amd64 (2:1.1.4-1) ...
Selecting previously unselected package libgusb2:amd64.
Preparing to unpack .../libgusb2_0.1.6-5_amd64.deb ...
Unpacking libgusb2:amd64 (0.1.6-5) ...
Selecting previously unselected package libcolorhug1:amd64.
Preparing to unpack .../libcolorhug1_1.0.6-1_amd64.deb ...
Unpacking libcolorhug1:amd64 (1.0.6-1) ...
Selecting previously unselected package libtxc-dxtn-s2tc0:amd64.
Preparing to unpack .../libtxc-dxtn-s2tc0_0~git20131104-1.1_amd64.deb ...
Unpacking libtxc-dxtn-s2tc0:amd64 (0~git20131104-1.1) ...
Selecting previously unselected package dosfstools.
Preparing to unpack .../dosfstools_3.0.26-1_amd64.deb ...
Unpacking dosfstools (3.0.26-1) ...
Selecting previously unselected package libglib2.0-data.
Preparing to unpack .../libglib2.0-data_2.40.2-0ubuntu1_all.deb ...
Unpacking libglib2.0-data (2.40.2-0ubuntu1) ...
Selecting previously unselected package parted.
Preparing to unpack .../parted_2.3-19ubuntu1.14.04.1_amd64.deb ...
Unpacking parted (2.3-19ubuntu1.14.04.1) ...
Selecting previously unselected package anacron.
Preparing to unpack .../anacron_2.3-20ubuntu1_amd64.deb ...
Unpacking anacron (2.3-20ubuntu1) ...
Selecting previously unselected package at.
Preparing to unpack .../at_3.1.14-1ubuntu1_amd64.deb ...
Unpacking at (3.1.14-1ubuntu1) ...
Selecting previously unselected package at-spi2-core.
Preparing to unpack .../at-spi2-core_2.10.2.is.2.10.1-0ubuntu1_amd64.deb ...
Unpacking at-spi2-core (2.10.2.is.2.10.1-0ubuntu1) ...
Selecting previously unselected package policykit-1.
Preparing to unpack .../policykit-1_0.105-4ubuntu2.14.04.1_amd64.deb ...
Unpacking policykit-1 (0.105-4ubuntu2.14.04.1) ...
Selecting previously unselected package colord.
Preparing to unpack .../colord_1.0.6-1_amd64.deb ...
Unpacking colord (1.0.6-1) ...
Selecting previously unselected package desktop-file-utils.
Preparing to unpack .../desktop-file-utils_0.22-1ubuntu1_amd64.deb ...
Unpacking desktop-file-utils (0.22-1ubuntu1) ...
Selecting previously unselected package python-support.
Preparing to unpack .../python-support_1.0.15_all.deb ...
Unpacking python-support (1.0.15) ...
Selecting previously unselected package python-cairo.
Preparing to unpack .../python-cairo_1.8.8-1ubuntu5_amd64.deb ...
Unpacking python-cairo (1.8.8-1ubuntu5) ...
Selecting previously unselected package python-gobject-2.
Preparing to unpack .../python-gobject-2_2.28.6-12build1_amd64.deb ...
Unpacking python-gobject-2 (2.28.6-12build1) ...
Selecting previously unselected package python-gtk2.
Preparing to unpack .../python-gtk2_2.24.0-3ubuntu3_amd64.deb ...
Unpacking python-gtk2 (2.24.0-3ubuntu3) ...
Selecting previously unselected package python-gconf.
Preparing to unpack .../python-gconf_2.28.1+dfsg-1ubuntu2_amd64.deb ...
Unpacking python-gconf (2.28.1+dfsg-1ubuntu2) ...
Selecting previously unselected package python-pyorbit.
Preparing to unpack .../python-pyorbit_2.24.0-6ubuntu4_amd64.deb ...
Unpacking python-pyorbit (2.24.0-6ubuntu4) ...
Selecting previously unselected package python-gnome2.
Preparing to unpack .../python-gnome2_2.28.1+dfsg-1ubuntu2_amd64.deb ...
Unpacking python-gnome2 (2.28.1+dfsg-1ubuntu2) ...
Selecting previously unselected package python-glade2.
Preparing to unpack .../python-glade2_2.24.0-3ubuntu3_amd64.deb ...
Unpacking python-glade2 (2.24.0-3ubuntu3) ...
Selecting previously unselected package gnome-schedule.
Preparing to unpack .../gnome-schedule_2.1.1-4_all.deb ...
Unpacking gnome-schedule (2.1.1-4) ...
Selecting previously unselected package x11-utils.
Preparing to unpack .../x11-utils_7.7+1_amd64.deb ...
Unpacking x11-utils (7.7+1) ...
Selecting previously unselected package udisks2.
Preparing to unpack .../udisks2_2.1.3-1ubuntu0.1_amd64.deb ...
Unpacking udisks2 (2.1.3-1ubuntu0.1) ...
Selecting previously unselected package gvfs-common.
Preparing to unpack .../gvfs-common_1.20.3-0ubuntu1.1_all.deb ...
Unpacking gvfs-common (1.20.3-0ubuntu1.1) ...
Selecting previously unselected package gvfs-libs:amd64.
Preparing to unpack .../gvfs-libs_1.20.3-0ubuntu1.1_amd64.deb ...
Unpacking gvfs-libs:amd64 (1.20.3-0ubuntu1.1) ...
Selecting previously unselected package gvfs-daemons.
Preparing to unpack .../gvfs-daemons_1.20.3-0ubuntu1.1_amd64.deb ...
Unpacking gvfs-daemons (1.20.3-0ubuntu1.1) ...
Selecting previously unselected package gvfs:amd64.
Preparing to unpack .../gvfs_1.20.3-0ubuntu1.1_amd64.deb ...
Unpacking gvfs:amd64 (1.20.3-0ubuntu1.1) ...
Selecting previously unselected package hicolor-icon-theme.
Preparing to unpack .../hicolor-icon-theme_0.13-1_all.deb ...
Unpacking hicolor-icon-theme (0.13-1) ...
Selecting previously unselected package libgphoto2-l10n.
Preparing to unpack .../libgphoto2-l10n_2.5.3.1-1ubuntu2.2_all.deb ...
Unpacking libgphoto2-l10n (2.5.3.1-1ubuntu2.2) ...
Selecting previously unselected package libgtk-3-bin.
Preparing to unpack .../libgtk-3-bin_3.10.8-0ubuntu1.6_amd64.deb ...
Adding 'diversion of /usr/sbin/update-icon-caches to /usr/sbin/update-icon-caches.gtk2 by libgtk-3-bin'
Adding 'diversion of /usr/share/man/man8/update-icon-caches.8.gz to /usr/share/man/man8/update-icon-caches.gtk2.8.gz by libgtk-3-bin'
Unpacking libgtk-3-bin (3.10.8-0ubuntu1.6) ...
Selecting previously unselected package libgtk2.0-bin.
Preparing to unpack .../libgtk2.0-bin_2.24.23-0ubuntu1.2_amd64.deb ...
Unpacking libgtk2.0-bin (2.24.23-0ubuntu1.2) ...
Selecting previously unselected package policykit-1-gnome.
Preparing to unpack .../policykit-1-gnome_0.105-1ubuntu4_amd64.deb ...
Unpacking policykit-1-gnome (0.105-1ubuntu4) ...
Selecting previously unselected package gdisk.
Preparing to unpack .../gdisk_0.8.8-1ubuntu0.1_amd64.deb ...
Unpacking gdisk (0.8.8-1ubuntu0.1) ...
Processing triggers for initramfs-tools (0.103ubuntu4.2) ...
update-initramfs: Generating /boot/initrd.img-3.19.0-25-generic
Processing triggers for man-db (2.6.7.1-1ubuntu1) ...
Processing triggers for ureadahead (0.100.0-16) ...
Processing triggers for udev (204-5ubuntu20.13) ...
Processing triggers for mime-support (3.54ubuntu1.1) ...
Setting up libglib2.0-0:amd64 (2.40.2-0ubuntu1) ...
Setting up libdbus-glib-1-2:amd64 (0.100.2-1) ...
Setting up libelf1:amd64 (0.158-0ubuntu5.2) ...
Setting up libsystemd-daemon0:amd64 (204-5ubuntu20.13) ...
Setting up libapparmor1:amd64 (2.8.95~2430-0ubuntu5.3) ...
Setting up libsystemd-login0:amd64 (204-5ubuntu20.13) ...
Setting up dbus (1.6.18-0ubuntu4.3) ...
dbus start/running, process 9482
Setting up systemd-shim (6-2bzr1) ...
Setting up libparted0debian1:amd64 (2.3-19ubuntu1.14.04.1) ...
Setting up libpolkit-gobject-1-0:amd64 (0.105-4ubuntu2.14.04.1) ...
Setting up ntfs-3g (1:2013.1.13AR.1-2ubuntu2) ...
update-initramfs: deferring update (trigger activated)
Setting up libart-2.0-2:amd64 (2.3.21-2) ...
Setting up libasound2-data (1.0.27.2-3ubuntu7) ...
Setting up libasound2:amd64 (1.0.27.2-3ubuntu7) ...
Setting up libatasmart4:amd64 (0.19-3) ...
Setting up libatk1.0-data (2.10.0-2ubuntu2) ...
Setting up libatk1.0-0:amd64 (2.10.0-2ubuntu2) ...
Setting up libatspi2.0-0:amd64 (2.10.2.is.2.10.1-0ubuntu1) ...
Setting up libatk-bridge2.0-0:amd64 (2.10.2-2ubuntu1) ...
Setting up libavahi-common-data:amd64 (0.6.31-4ubuntu1) ...
Setting up libavahi-common3:amd64 (0.6.31-4ubuntu1) ...
Setting up libavahi-client3:amd64 (0.6.31-4ubuntu1) ...
Setting up libavahi-glib1:amd64 (0.6.31-4ubuntu1) ...
Setting up libbonobo2-common (2.32.1-0ubuntu5) ...
Setting up libidl-common (0.8.14-0.2ubuntu4) ...
Setting up libidl0:amd64 (0.8.14-0.2ubuntu4) ...
Setting up liborbit-2-0:amd64 (1:2.14.19-0.3) ...
Setting up liborbit2:amd64 (1:2.14.19-0.3) ...
Setting up libbonobo2-0:amd64 (2.32.1-0ubuntu5) ...
Setting up gconf2-common (3.2.6-0ubuntu2) ...

Creating config file /etc/gconf/2/path with new version
Setting up libgconf-2-4:amd64 (3.2.6-0ubuntu2) ...
Setting up libjasper1:amd64 (1.900.1-14ubuntu3.2) ...
Setting up libgdk-pixbuf2.0-common (2.30.7-0ubuntu1) ...
Setting up libgdk-pixbuf2.0-0:amd64 (2.30.7-0ubuntu1) ...
Setting up libgtk2.0-common (2.24.23-0ubuntu1.2) ...
Setting up libpixman-1-0:amd64 (0.30.2-2ubuntu1) ...
Setting up libxcb-render0:amd64 (1.10-2ubuntu1) ...
Setting up libxcb-shm0:amd64 (1.10-2ubuntu1) ...
Setting up libxrender1:amd64 (1:0.9.8-1build0.14.04.1) ...
Setting up libcairo2:amd64 (1.13.0~20140204-0ubuntu1.1) ...
Setting up libcups2:amd64 (1.7.2-0ubuntu1.6) ...
Setting up libthai-data (0.1.20-3) ...
Setting up libdatrie1:amd64 (0.2.8-1) ...
Setting up libthai0:amd64 (0.1.20-3) ...
Setting up fontconfig (2.11.0-0ubuntu4.1) ...
Regenerating fonts cache... done.
Setting up libpango-1.0-0:amd64 (1.36.3-1ubuntu1.1) ...
Setting up libgraphite2-3:amd64 (1.2.4-1ubuntu1) ...
Setting up libharfbuzz0b:amd64 (0.9.27-1ubuntu1) ...
Setting up libpangoft2-1.0-0:amd64 (1.36.3-1ubuntu1.1) ...
Setting up libpangocairo-1.0-0:amd64 (1.36.3-1ubuntu1.1) ...
Setting up libxcomposite1:amd64 (1:0.4.4-1) ...
Setting up libxfixes3:amd64 (1:5.0.1-1ubuntu1.1) ...
Setting up libxcursor1:amd64 (1:1.1.14-1) ...
Setting up libxdamage1:amd64 (1:1.1.4-1ubuntu1) ...
Setting up libxi6:amd64 (2:1.7.1.901-1ubuntu1.1) ...
Setting up libxinerama1:amd64 (2:1.1.3-1) ...
Setting up libxrandr2:amd64 (2:1.4.2-1) ...
Setting up shared-mime-info (1.2-0ubuntu3) ...
Setting up libgtk2.0-0:amd64 (2.24.23-0ubuntu1.2) ...
Setting up libglade2-0:amd64 (1:2.6.4-2) ...
Setting up libltdl7:amd64 (2.4.2-1.7ubuntu1) ...
Setting up libtdb1:amd64 (1.2.12-1) ...
Setting up libogg0:amd64 (1.3.1-1ubuntu1) ...
Setting up libvorbis0a:amd64 (1.3.2-1.3ubuntu1) ...
Setting up libvorbisfile3:amd64 (1.3.2-1.3ubuntu1) ...
Setting up sound-theme-freedesktop (0.8-1) ...
Setting up libcanberra0:amd64 (0.30-0ubuntu3) ...
Setting up libgail18:amd64 (2.24.23-0ubuntu1.2) ...
Setting up libgnomecanvas2-common (2.30.3-2) ...
Setting up libgnomecanvas2-0:amd64 (2.30.3-2) ...
Setting up libbonoboui2-common (2.24.5-0ubuntu3) ...
Setting up libcairo-gobject2:amd64 (1.13.0~20140204-0ubuntu1.1) ...
Setting up liblcms2-2:amd64 (2.5-0ubuntu4) ...
Setting up libcolord1:amd64 (1.0.6-1) ...
Setting up libdconf1:amd64 (0.20.0-1) ...
Setting up libpciaccess0:amd64 (0.13.2-1) ...
Setting up libdrm-intel1:amd64 (2.4.60-2~ubuntu14.04.1) ...
Setting up libdrm-nouveau2:amd64 (2.4.60-2~ubuntu14.04.1) ...
Setting up libdrm-radeon1:amd64 (2.4.60-2~ubuntu14.04.1) ...
Setting up libexif12:amd64 (0.6.21-1ubuntu1) ...
Setting up libfontenc1:amd64 (1:1.1.2-1) ...
Setting up libllvm3.4:amd64 (1:3.4-1ubuntu3) ...
Setting up libgl1-mesa-dri:amd64 (10.1.3-0ubuntu0.4) ...
Setting up libglapi-mesa:amd64 (10.1.3-0ubuntu0.4) ...
Setting up libx11-xcb1:amd64 (2:1.6.2-1ubuntu2) ...
Setting up libxcb-dri2-0:amd64 (1.10-2ubuntu1) ...
Setting up libxcb-dri3-0:amd64 (1.10-2ubuntu1) ...
Setting up libxcb-glx0:amd64 (1.10-2ubuntu1) ...
Setting up libxcb-present0:amd64 (1.10-2ubuntu1) ...
Setting up libxcb-sync1:amd64 (1.10-2ubuntu1) ...
Setting up libxshmfence1:amd64 (1.1-2) ...
Setting up libxxf86vm1:amd64 (1:1.1.3-1) ...
Setting up libgl1-mesa-glx:amd64 (10.1.3-0ubuntu0.4) ...
update-alternatives: using /usr/lib/x86_64-linux-gnu/mesa/ld.so.conf to provide /etc/ld.so.conf.d/x86_64-linux-gnu_GL.conf (x86_64-linux-gnu_gl_conf) in auto mode
Setting up libgnome-keyring-common (3.8.0-2) ...
Setting up libgnome-keyring0:amd64 (3.8.0-2) ...
Setting up x11-common (1:7.7+1ubuntu8.1) ...
 * Setting up X socket directories...                                         [ OK ] 
Setting up libgnomeui-common (2.24.5-3) ...
Setting up libgphoto2-port10:amd64 (2.5.3.1-1ubuntu2.2) ...
Setting up libgphoto2-6:amd64 (2.5.3.1-1ubuntu2.2) ...
Setting up dconf-service (0.20.0-1) ...
Setting up dconf-gsettings-backend:amd64 (0.20.0-1) ...
Setting up libgtk-3-common (3.10.8-0ubuntu1.6) ...
Setting up libwayland-client0:amd64 (1.4.0-1ubuntu1) ...
Setting up libwayland-cursor0:amd64 (1.4.0-1ubuntu1) ...
Setting up libxkbcommon0:amd64 (0.4.1-0ubuntu1) ...
Setting up libgtk-3-0:amd64 (3.10.8-0ubuntu1.6) ...
Setting up libgudev-1.0-0:amd64 (1:204-5ubuntu20.13) ...
Setting up libieee1284-3:amd64 (0.2.11-12) ...
Setting up libpolkit-agent-1-0:amd64 (0.105-4ubuntu2.14.04.1) ...
Setting up libpolkit-backend-1-0:amd64 (0.105-4ubuntu2.14.04.1) ...
Setting up libpython2.7:amd64 (2.7.6-8ubuntu0.2) ...
Setting up acl (2.2.52-1) ...
Setting up libsane-common (1.0.23-3ubuntu3.1) ...
Setting up libv4lconvert0:amd64 (1.0.1-1) ...
Setting up libv4l-0:amd64 (1.0.1-1) ...
Setting up libsane:amd64 (1.0.23-3ubuntu3.1) ...
Adding scanner group...
Setting up libsecret-common (0.16-0ubuntu1) ...
Setting up libsecret-1-0:amd64 (0.16-0ubuntu1) ...
Setting up libudisks2-0:amd64 (2.1.3-1ubuntu0.1) ...
Setting up libxcb-shape0:amd64 (1.10-2ubuntu1) ...
Setting up libxft2:amd64 (2.3.1-2) ...
Setting up libxv1:amd64 (2:1.0.10-1) ...
Setting up libxxf86dga1:amd64 (2:1.1.4-1) ...
Setting up libgusb2:amd64 (0.1.6-5) ...
Setting up libcolorhug1:amd64 (1.0.6-1) ...
Setting up libtxc-dxtn-s2tc0:amd64 (0~git20131104-1.1) ...
update-alternatives: using /usr/lib/x86_64-linux-gnu/libtxc_dxtn_s2tc.so.0 to provide /usr/lib/x86_64-linux-gnu/libtxc_dxtn.so (libtxc-dxtn-x86_64-linux-gnu) in auto mode
Setting up dosfstools (3.0.26-1) ...
Setting up libglib2.0-data (2.40.2-0ubuntu1) ...
Setting up parted (2.3-19ubuntu1.14.04.1) ...
Setting up anacron (2.3-20ubuntu1) ...
Setting up at (3.1.14-1ubuntu1) ...
atd start/running, process 10115
Setting up desktop-file-utils (0.22-1ubuntu1) ...
Setting up python-support (1.0.15) ...
Setting up python-cairo (1.8.8-1ubuntu5) ...
Setting up python-gobject-2 (2.28.6-12build1) ...
Setting up python-gtk2 (2.24.0-3ubuntu3) ...
Setting up python-pyorbit (2.24.0-6ubuntu4) ...
Setting up python-glade2 (2.24.0-3ubuntu3) ...
Setting up gvfs-common (1.20.3-0ubuntu1.1) ...
Setting up gvfs-libs:amd64 (1.20.3-0ubuntu1.1) ...
Setting up hicolor-icon-theme (0.13-1) ...
Setting up libgphoto2-l10n (2.5.3.1-1ubuntu2.2) ...
Setting up libgtk-3-bin (3.10.8-0ubuntu1.6) ...
Setting up libgtk2.0-bin (2.24.23-0ubuntu1.2) ...
Setting up gdisk (0.8.8-1ubuntu0.1) ...
Processing triggers for ureadahead (0.100.0-16) ...
Setting up dbus-x11 (1.6.18-0ubuntu4.3) ...
Setting up libice6:amd64 (2:1.0.8-2) ...
Setting up libsm6:amd64 (2:1.2.1-2) ...
Setting up libxt6:amd64 (1:1.1.4-1) ...
Setting up libxmu6:amd64 (2:1.1.1-1) ...
Setting up libxaw7:amd64 (2:1.0.12-1) ...
Setting up libxtst6:amd64 (2:1.2.2-1) ...
Setting up at-spi2-core (2.10.2.is.2.10.1-0ubuntu1) ...
Setting up x11-utils (7.7+1) ...
Setting up udisks2 (2.1.3-1ubuntu0.1) ...
Setting up gvfs-daemons (1.20.3-0ubuntu1.1) ...
Setting up gvfs:amd64 (1.20.3-0ubuntu1.1) ...
Setting up systemd-services (204-5ubuntu20.13) ...
Setting up libpam-systemd:amd64 (204-5ubuntu20.13) ...
systemd-logind start/running, process 10255
Processing triggers for ureadahead (0.100.0-16) ...
Setting up policykit-1 (0.105-4ubuntu2.14.04.1) ...
Setting up colord (1.0.6-1) ...
Setting up policykit-1-gnome (0.105-1ubuntu4) ...
Setting up gconf-service-backend (3.2.6-0ubuntu2) ...
Setting up gconf-service (3.2.6-0ubuntu2) ...
Setting up gconf2 (3.2.6-0ubuntu2) ...
update-alternatives: using /usr/bin/gconftool-2 to provide /usr/bin/gconftool (gconftool) in auto mode

(gconftool-2:10316): GConf-WARNING **: Client failed to connect to the D-BUS daemon:
Unable to autolaunch a dbus-daemon without a $DISPLAY for X11
Setting up libgnomevfs2-common (1:2.24.4-1ubuntu6) ...
Setting up libgnomevfs2-0:amd64 (1:2.24.4-1ubuntu6) ...
Setting up libgnome2-common (2.32.1-4ubuntu1) ...
Setting up libgnome2-bin (2.32.1-4ubuntu1) ...
Setting up libgnome2-0:amd64 (2.32.1-4ubuntu1) ...
Setting up libbonoboui2-0:amd64 (2.24.5-0ubuntu3) ...
Setting up libgnomeui-0:amd64 (2.24.5-3) ...
Setting up python-gconf (2.28.1+dfsg-1ubuntu2) ...
Setting up python-gnome2 (2.28.1+dfsg-1ubuntu2) ...
Setting up gnome-schedule (2.1.1-4) ...
Processing triggers for libc-bin (2.19-0ubuntu6.6) ...
Processing triggers for initramfs-tools (0.103ubuntu4.2) ...
update-initramfs: Generating /boot/initrd.img-3.19.0-25-generic
Processing triggers for python-support (1.0.15) ...
ashleymk@sandbox:~$ crontab -e
no crontab for ashleymk - using an empty one

Select an editor.  To change later, run 'select-editor'.
  1. /bin/nano        <---- easiest
  2. /usr/bin/vim.tiny

Choose 1-2 [1]: man 5 crontab
Choose 1-2 [1]: sudo crontab -e
Choose 1-2 [1]: 01 04 1 1 1 /usr/bin/somedirectory/somecommand
Choose 1-2 [1]: 1
crontab: installing new crontab
"/tmp/crontab.YCo7kE/crontab":0: bad minute
errors in crontab file, can't install.
Do you want to retry the same edit? (y/n) n
crontab: edits left in /tmp/crontab.YCo7kE/crontab
ashleymk@sandbox:~$ man 5 crontab
ashleymk@sandbox:~$ sudo crontab -e
no crontab for root - using an empty one
crontab: installing new crontab
ashleymk@sandbox:~$ mv /path/to/source /path/to/destination
mv: cannot stat ‘/path/to/source’: No such file or directory
ashleymk@sandbox:~$ my.sh
-bash: my.sh: command not found
ashleymk@sandbox:~$ sudio crontab -e
-bash: sudio: command not found
ashleymk@sandbox:~$ sudo contab -e
sudo: contab: command not found
ashleymk@sandbox:~$ sudo crontab -e
Use "fg" to return to nano.

[1]+  Stopped                 sudo crontab -e
You have new mail in /var/mail/ashleymk
ashleymk@sandbox:~$ sudo my.sh
sudo: my.sh: command not found
ashleymk@sandbox:~$ sudo file.sh
sudo: file.sh: command not found
ashleymk@sandbox:~$ ./my.sh
-bash: ./my.sh: No such file or directory
ashleymk@sandbox:~$ sudo my.sh
sudo: my.sh: command not found
ashleymk@sandbox:~$ nano my.sh
ashleymk@sandbox:~$ ls -la
total 48
drwxr-xr-x 4 ashleymk ashleymk 4096 Aug 27 20:17 .
drwxr-xr-x 3 root     root     4096 Aug 22 19:56 ..
-rw------- 1 ashleymk ashleymk 2487 Aug 22 22:31 .bash_history
-rw-r--r-- 1 ashleymk ashleymk  220 Aug 22 19:56 .bash_logout
-rw-r--r-- 1 ashleymk ashleymk 3637 Aug 22 19:56 .bashrc
drwx------ 2 ashleymk ashleymk 4096 Aug 22 20:10 .cache
-rw-rw-r-- 1 ashleymk ashleymk   79 Aug 27 20:17 my.sh
-rw------- 1 ashleymk ashleymk   88 Aug 22 21:54 .mysql_history
-rw------- 1 ashleymk ashleymk   83 Aug 27 20:17 .nano_history
-rw-r--r-- 1 ashleymk ashleymk  675 Aug 22 19:56 .profile
-rw-rw-r-- 1 ashleymk ashleymk   66 Aug 27 20:04 .selected_editor
drwxrwxr-x 2 ashleymk ashleymk 4096 Aug 22 20:14 .ssh
ashleymk@sandbox:~$ nano my.sh
Use "fg" to return to nano.

[2]+  Stopped                 nano my.sh
You have new mail in /var/mail/ashleymk
ashleymk@sandbox:~$ nano my.sh
ashleymk@sandbox:~$ ./my.sh
-bash: ./my.sh: Permission denied
ashleymk@sandbox:~$ 
